stm32f4xx_ll_dma.h:1804:26:LL_DMA_IsActiveFlag_TC6	16	static
stm32f4xx_ll_tim.h:3183:22:LL_TIM_ClearFlag_UPDATE	16	static
stm32f4xx_ll_tim.h:3194:26:LL_TIM_IsActiveFlag_UPDATE	16	static
stm32f4xx_ll_usart.h:1793:26:LL_USART_IsActiveFlag_RXNE	16	static
stm32f4xx_it.c:70:6:NMI_Handler	4	static
stm32f4xx_it.c:85:6:HardFault_Handler	4	static
stm32f4xx_it.c:100:6:MemManage_Handler	4	static
stm32f4xx_it.c:115:6:BusFault_Handler	4	static
stm32f4xx_it.c:130:6:UsageFault_Handler	4	static
stm32f4xx_it.c:145:6:SVC_Handler	4	static
stm32f4xx_it.c:158:6:DebugMon_Handler	4	static
stm32f4xx_it.c:171:6:PendSV_Handler	4	static
stm32f4xx_it.c:184:6:SysTick_Handler	4	static
stm32f4xx_it.c:205:6:DMA1_Stream6_IRQHandler	8	static
stm32f4xx_it.c:221:6:TIM1_TRG_COM_TIM11_IRQHandler	8	static
stm32f4xx_it.c:238:6:USART2_IRQHandler	8	static
