Archive member included to satisfy reference by file (symbol)

c:/st/stm32cubeide_1.4.0/stm32cubeide/plugins/com.st.stm32cube.ide.mcu.externaltools.gnu-tools-for-stm32.9-2020-q2-update.win32_2.0.0.202105311346/tools/bin/../lib/gcc/arm-none-eabi/9.3.1/../../../../arm-none-eabi/lib/thumb/v7e-m+fp/hard\libc_nano.a(lib_a-errno.o)
                              ./Core/Src/syscalls.o (__errno)
c:/st/stm32cubeide_1.4.0/stm32cubeide/plugins/com.st.stm32cube.ide.mcu.externaltools.gnu-tools-for-stm32.9-2020-q2-update.win32_2.0.0.202105311346/tools/bin/../lib/gcc/arm-none-eabi/9.3.1/../../../../arm-none-eabi/lib/thumb/v7e-m+fp/hard\libc_nano.a(lib_a-exit.o)
                              c:/st/stm32cubeide_1.4.0/stm32cubeide/plugins/com.st.stm32cube.ide.mcu.externaltools.gnu-tools-for-stm32.9-2020-q2-update.win32_2.0.0.202105311346/tools/bin/../lib/gcc/arm-none-eabi/9.3.1/../../../../arm-none-eabi/lib/thumb/v7e-m+fp/hard/crt0.o (exit)
c:/st/stm32cubeide_1.4.0/stm32cubeide/plugins/com.st.stm32cube.ide.mcu.externaltools.gnu-tools-for-stm32.9-2020-q2-update.win32_2.0.0.202105311346/tools/bin/../lib/gcc/arm-none-eabi/9.3.1/../../../../arm-none-eabi/lib/thumb/v7e-m+fp/hard\libc_nano.a(lib_a-impure.o)
                              c:/st/stm32cubeide_1.4.0/stm32cubeide/plugins/com.st.stm32cube.ide.mcu.externaltools.gnu-tools-for-stm32.9-2020-q2-update.win32_2.0.0.202105311346/tools/bin/../lib/gcc/arm-none-eabi/9.3.1/../../../../arm-none-eabi/lib/thumb/v7e-m+fp/hard\libc_nano.a(lib_a-exit.o) (_global_impure_ptr)
c:/st/stm32cubeide_1.4.0/stm32cubeide/plugins/com.st.stm32cube.ide.mcu.externaltools.gnu-tools-for-stm32.9-2020-q2-update.win32_2.0.0.202105311346/tools/bin/../lib/gcc/arm-none-eabi/9.3.1/../../../../arm-none-eabi/lib/thumb/v7e-m+fp/hard\libc_nano.a(lib_a-init.o)
                              c:/st/stm32cubeide_1.4.0/stm32cubeide/plugins/com.st.stm32cube.ide.mcu.externaltools.gnu-tools-for-stm32.9-2020-q2-update.win32_2.0.0.202105311346/tools/bin/../lib/gcc/arm-none-eabi/9.3.1/../../../../arm-none-eabi/lib/thumb/v7e-m+fp/hard/crt0.o (__libc_init_array)
c:/st/stm32cubeide_1.4.0/stm32cubeide/plugins/com.st.stm32cube.ide.mcu.externaltools.gnu-tools-for-stm32.9-2020-q2-update.win32_2.0.0.202105311346/tools/bin/../lib/gcc/arm-none-eabi/9.3.1/../../../../arm-none-eabi/lib/thumb/v7e-m+fp/hard\libc_nano.a(lib_a-malloc.o)
                              ./src/LTOS_oneshot.o (malloc)
c:/st/stm32cubeide_1.4.0/stm32cubeide/plugins/com.st.stm32cube.ide.mcu.externaltools.gnu-tools-for-stm32.9-2020-q2-update.win32_2.0.0.202105311346/tools/bin/../lib/gcc/arm-none-eabi/9.3.1/../../../../arm-none-eabi/lib/thumb/v7e-m+fp/hard\libc_nano.a(lib_a-memcpy-stub.o)
                              ./AsyncComm/src/async_comm.o (memcpy)
c:/st/stm32cubeide_1.4.0/stm32cubeide/plugins/com.st.stm32cube.ide.mcu.externaltools.gnu-tools-for-stm32.9-2020-q2-update.win32_2.0.0.202105311346/tools/bin/../lib/gcc/arm-none-eabi/9.3.1/../../../../arm-none-eabi/lib/thumb/v7e-m+fp/hard\libc_nano.a(lib_a-memset.o)
                              c:/st/stm32cubeide_1.4.0/stm32cubeide/plugins/com.st.stm32cube.ide.mcu.externaltools.gnu-tools-for-stm32.9-2020-q2-update.win32_2.0.0.202105311346/tools/bin/../lib/gcc/arm-none-eabi/9.3.1/../../../../arm-none-eabi/lib/thumb/v7e-m+fp/hard/crt0.o (memset)
c:/st/stm32cubeide_1.4.0/stm32cubeide/plugins/com.st.stm32cube.ide.mcu.externaltools.gnu-tools-for-stm32.9-2020-q2-update.win32_2.0.0.202105311346/tools/bin/../lib/gcc/arm-none-eabi/9.3.1/../../../../arm-none-eabi/lib/thumb/v7e-m+fp/hard\libc_nano.a(lib_a-nano-freer.o)
                              c:/st/stm32cubeide_1.4.0/stm32cubeide/plugins/com.st.stm32cube.ide.mcu.externaltools.gnu-tools-for-stm32.9-2020-q2-update.win32_2.0.0.202105311346/tools/bin/../lib/gcc/arm-none-eabi/9.3.1/../../../../arm-none-eabi/lib/thumb/v7e-m+fp/hard\libc_nano.a(lib_a-malloc.o) (_free_r)
c:/st/stm32cubeide_1.4.0/stm32cubeide/plugins/com.st.stm32cube.ide.mcu.externaltools.gnu-tools-for-stm32.9-2020-q2-update.win32_2.0.0.202105311346/tools/bin/../lib/gcc/arm-none-eabi/9.3.1/../../../../arm-none-eabi/lib/thumb/v7e-m+fp/hard\libc_nano.a(lib_a-nano-mallocr.o)
                              c:/st/stm32cubeide_1.4.0/stm32cubeide/plugins/com.st.stm32cube.ide.mcu.externaltools.gnu-tools-for-stm32.9-2020-q2-update.win32_2.0.0.202105311346/tools/bin/../lib/gcc/arm-none-eabi/9.3.1/../../../../arm-none-eabi/lib/thumb/v7e-m+fp/hard\libc_nano.a(lib_a-malloc.o) (_malloc_r)
c:/st/stm32cubeide_1.4.0/stm32cubeide/plugins/com.st.stm32cube.ide.mcu.externaltools.gnu-tools-for-stm32.9-2020-q2-update.win32_2.0.0.202105311346/tools/bin/../lib/gcc/arm-none-eabi/9.3.1/../../../../arm-none-eabi/lib/thumb/v7e-m+fp/hard\libc_nano.a(lib_a-sbrkr.o)
[...]
Memory Configuration

Name             Origin             Length             Attributes
RAM              0x0000000020000000 0x0000000000018000 xrw
FLASH            0x0000000008000000 0x0000000000080000 xr
*default*        0x0000000000000000 0xffffffffffffffff

Linker script and memory map

LOAD c:/st/stm32cubeide_1.4.0/stm32cubeide/plugins/com.st.stm32cube.ide.mcu.externaltools.gnu-tools-for-stm32.9-2020-q2-update.win32_2.0.0.202105311346/tools/bin/../lib/gcc/arm-none-eabi/9.3.1/thumb/v7e-m+fp/hard/crti.o
LOAD c:/st/stm32cubeide_1.4.0/stm32cubeide/plugins/com.st.stm32cube.ide.mcu.externaltools.gnu-tools-for-stm32.9-2020-q2-update.win32_2.0.0.202105311346/tools/bin/../lib/gcc/arm-none-eabi/9.3.1/thumb/v7e-m+fp/hard/crtbegin.o
LOAD c:/st/stm32cubeide_1.4.0/stm32cubeide/plugins/com.st.stm32cube.ide.mcu.externaltools.gnu-tools-for-stm32.9-2020-q2-update.win32_2.0.0.202105311346/tools/bin/../lib/gcc/arm-none-eabi/9.3.1/../../../../arm-none-eabi/lib/thumb/v7e-m+fp/hard/crt0.o
LOAD ./AsyncComm/src/async_comm.o
LOAD ./Blink/src/Blink.o
LOAD ./Core/Src/dma.o
LOAD ./Core/Src/gpio.o
LOAD ./Core/Src/main.o
LOAD ./Core/Src/stm32f4xx_it.o
LOAD ./Core/Src/syscalls.o
LOAD ./Core/Src/sysmem.o
LOAD ./Core/Src/system_stm32f4xx.o
LOAD ./Core/Src/tim.o
LOAD ./Core/Src/usart.o
LOAD ./Core/Startup/startup_stm32f401retx.o
LOAD ./Demo/src/demo.o
LOAD ./Drivers/STM32F4xx_HAL_Driver/Src/stm32f4xx_ll_dma.o
LOAD ./Drivers/STM32F4xx_HAL_Driver/Src/stm32f4xx_ll_exti.o
LOAD ./Drivers/STM32F4xx_HAL_Driver/Src/stm32f4xx_ll_gpio.o
LOAD ./Drivers/STM32F4xx_HAL_Driver/Src/stm32f4xx_ll_rcc.o
LOAD ./Drivers/STM32F4xx_HAL_Driver/Src/stm32f4xx_ll_tim.o
LOAD ./Drivers/STM32F4xx_HAL_Driver/Src/stm32f4xx_ll_usart.o
LOAD ./Drivers/STM32F4xx_HAL_Driver/Src/stm32f4xx_ll_utils.o
LOAD ./src/LTOS_oneshot.o
LOAD ./src/LTOS_tick.o
START GROUP
LOAD c:/st/stm32cubeide_1.4.0/stm32cubeide/plugins/com.st.stm32cube.ide.mcu.externaltools.gnu-tools-for-stm32.9-2020-q2-update.win32_2.0.0.202105311346/tools/bin/../lib/gcc/arm-none-eabi/9.3.1/../../../../arm-none-eabi/lib/thumb/v7e-m+fp/hard\libc_nano.a
LOAD c:/st/stm32cubeide_1.4.0/stm32cubeide/plugins/com.st.stm32cube.ide.mcu.externaltools.gnu-tools-for-stm32.9-2020-q2-update.win32_2.0.0.202105311346/tools/bin/../lib/gcc/arm-none-eabi/9.3.1/../../../../arm-none-eabi/lib/thumb/v7e-m+fp/hard\libm.a
END GROUP
START GROUP
LOAD c:/st/stm32cubeide_1.4.0/stm32cubeide/plugins/com.st.stm32cube.ide.mcu.externaltools.gnu-tools-for-stm32.9-2020-q2-update.win32_2.0.0.202105311346/tools/bin/../lib/gcc/arm-none-eabi/9.3.1/thumb/v7e-m+fp/hard\libgcc.a
LOAD c:/st/stm32cubeide_1.4.0/stm32cubeide/plugins/com.st.stm32cube.ide.mcu.externaltools.gnu-tools-for-stm32.9-2020-q2-update.win32_2.0.0.202105311346/tools/bin/../lib/gcc/arm-none-eabi/9.3.1/../../../../arm-none-eabi/lib/thumb/v7e-m+fp/hard\libc_nano.a
END GROUP
START GROUP
LOAD c:/st/stm32cubeide_1.4.0/stm32cubeide/plugins/com.st.stm32cube.ide.mcu.externaltools.gnu-tools-for-stm32.9-2020-q2-update.win32_2.0.0.202105311346/tools/bin/../lib/gcc/arm-none-eabi/9.3.1/thumb/v7e-m+fp/hard\libgcc.a
LOAD c:/st/stm32cubeide_1.4.0/stm32cubeide/plugins/com.st.stm32cube.ide.mcu.externaltools.gnu-tools-for-stm32.9-2020-q2-update.win32_2.0.0.202105311346/tools/bin/../lib/gcc/arm-none-eabi/9.3.1/../../../../arm-none-eabi/lib/thumb/v7e-m+fp/hard\libc_nano.a
LOAD c:/st/stm32cubeide_1.4.0/stm32cubeide/plugins/com.st.stm32cube.ide.mcu.externaltools.gnu-tools-for-stm32.9-2020-q2-update.win32_2.0.0.202105311346/tools/bin/../lib/gcc/arm-none-eabi/9.3.1/../../../../arm-none-eabi/lib/thumb/v7e-m+fp/hard\libnosys.a
END GROUP
START GROUP
LOAD c:/st/stm32cubeide_1.4.0/stm32cubeide/plugins/com.st.stm32cube.ide.mcu.externaltools.gnu-tools-for-stm32.9-2020-q2-update.win32_2.0.0.202105311346/tools/bin/../lib/gcc/arm-none-eabi/9.3.1/thumb/v7e-m+fp/hard\libgcc.a
LOAD c:/st/stm32cubeide_1.4.0/stm32cubeide/plugins/com.st.stm32cube.ide.mcu.externaltools.gnu-tools-for-stm32.9-2020-q2-update.win32_2.0.0.202105311346/tools/bin/../lib/gcc/arm-none-eabi/9.3.1/../../../../arm-none-eabi/lib/thumb/v7e-m+fp/hard\libc_nano.a
LOAD c:/st/stm32cubeide_1.4.0/stm32cubeide/plugins/com.st.stm32cube.ide.mcu.externaltools.gnu-tools-for-stm32.9-2020-q2-update.win32_2.0.0.202105311346/tools/bin/../lib/gcc/arm-none-eabi/9.3.1/../../../../arm-none-eabi/lib/thumb/v7e-m+fp/hard\libnosys.a
END GROUP
LOAD c:/st/stm32cubeide_1.4.0/stm32cubeide/plugins/com.st.stm32cube.ide.mcu.externaltools.gnu-tools-for-stm32.9-2020-q2-update.win32_2.0.0.202105311346/tools/bin/../lib/gcc/arm-none-eabi/9.3.1/thumb/v7e-m+fp/hard/crtend.o
LOAD c:/st/stm32cubeide_1.4.0/stm32cubeide/plugins/com.st.stm32cube.ide.mcu.externaltools.gnu-tools-for-stm32.9-2020-q2-update.win32_2.0.0.202105311346/tools/bin/../lib/gcc/arm-none-eabi/9.3.1/thumb/v7e-m+fp/hard/crtn.o
                0x0000000020018000                _estack = (ORIGIN (RAM) + LENGTH (RAM))
                0x0000000000000200                _Min_Heap_Size = 0x200
                0x0000000000000400                _Min_Stack_Size = 0x400

.isr_vector     0x0000000008000000      0x194
                0x0000000008000000                . = ALIGN (0x4)
 *(.isr_vector)
 .isr_vector    0x0000000008000000      0x194 ./Core/Startup/startup_stm32f401retx.o
                0x0000000008000000                g_pfnVectors
                0x0000000008000194                . = ALIGN (0x4)

.text           0x0000000008000198     0x2ddc
                0x0000000008000198                . = ALIGN (0x4)
 *(.text)
 .text          0x0000000008000198       0x40 c:/st/stm32cubeide_1.4.0/stm32cubeide/plugins/com.st.stm32cube.ide.mcu.externaltools.gnu-tools-for-stm32.9-2020-q2-update.win32_2.0.0.202105311346/tools/bin/../lib/gcc/arm-none-eabi/9.3.1/thumb/v7e-m+fp/hard/crtbegin.o
 .text          0x00000000080001d8       0x30 c:/st/stm32cubeide_1.4.0/stm32cubeide/plugins/com.st.stm32cube.ide.mcu.externaltools.gnu-tools-for-stm32.9-2020-q2-update.win32_2.0.0.202105311346/tools/bin/../lib/gcc/arm-none-eabi/9.3.1/thumb/v7e-m+fp/hard\libgcc.a(_aeabi_uldivmod.o)
                0x00000000080001d8                __aeabi_uldivmod
 .text          0x0000000008000208      0x2c4 c:/st/stm32cubeide_1.4.0/stm32cubeide/plugins/com.st.stm32cube.ide.mcu.externaltools.gnu-tools-for-stm32.9-2020-q2-update.win32_2.0.0.202105311346/tools/bin/../lib/gcc/arm-none-eabi/9.3.1/thumb/v7e-m+fp/hard\libgcc.a(_udivmoddi4.o)
                0x0000000008000208                __udivmoddi4
 .text          0x00000000080004cc        0x4 c:/st/stm32cubeide_1.4.0/stm32cubeide/plugins/com.st.stm32cube.ide.mcu.externaltools.gnu-tools-for-stm32.9-2020-q2-update.win32_2.0.0.202105311346/tools/bin/../lib/gcc/arm-none-eabi/9.3.1/thumb/v7e-m+fp/hard\libgcc.a(_dvmd_tls.o)
                0x00000000080004cc                __aeabi_idiv0
                0x00000000080004cc                __aeabi_ldiv0
 *(.text*)
 .text.LL_DMA_EnableStream
                0x00000000080004d0       0x40 ./AsyncComm/src/async_comm.o
 .text.LL_DMA_DisableStream
                0x0000000008000510       0x40 ./AsyncComm/src/async_comm.o
 .text.LL_DMA_SetDataLength
                0x0000000008000550       0x48 ./AsyncComm/src/async_comm.o
 .text.LL_DMA_ConfigAddresses
                0x0000000008000598       0x78 ./AsyncComm/src/async_comm.o
 .text.LL_DMA_ClearFlag_TC6
                0x0000000008000610       0x1c ./AsyncComm/src/async_comm.o
 .text.LL_DMA_EnableIT_TC
                0x000000000800062c       0x40 ./AsyncComm/src/async_comm.o
 .text.LL_USART_EnableDMAReq_TX
                0x000000000800066c       0x46 ./AsyncComm/src/async_comm.o
 .text.LL_USART_DMA_GetRegAddr
                0x00000000080006b2       0x18 ./AsyncComm/src/async_comm.o
 .text.LL_USART_ReceiveData8
                0x00000000080006ca       0x1a ./AsyncComm/src/async_comm.o
 .text.initASC  0x00000000080006e4       0x68 ./AsyncComm/src/async_comm.o
                0x00000000080006e4                initASC
 .text.ASC_tx   0x000000000800074c       0x74 ./AsyncComm/src/async_comm.o
                0x000000000800074c                ASC_tx
 .text.ASC_rx   0x00000000080007c0       0x80 ./AsyncComm/src/async_comm.o
                0x00000000080007c0                ASC_rx
 .text.ascTASK  0x0000000008000840       0x4c ./AsyncComm/src/async_comm.o
                0x0000000008000840                ascTASK
 .text.ASC_TXDMA_IRQHandler
                0x000000000800088c       0x24 ./AsyncComm/src/async_comm.o
                0x000000000800088c                ASC_TXDMA_IRQHandler
 .text.ASC_UARX_IRQHandler
                0x00000000080008b0       0x88 ./AsyncComm/src/async_comm.o
                0x00000000080008b0                ASC_UARX_IRQHandler
 .text.LL_GPIO_SetOutputPin
                0x0000000008000938       0x1c ./Blink/src/Blink.o
 .text.LL_GPIO_ResetOutputPin
                0x0000000008000954       0x1e ./Blink/src/Blink.o
 *fill*         0x0000000008000972        0x2 
 .text.BlinkInit
                0x0000000008000974       0x4c ./Blink/src/Blink.o
                0x0000000008000974                BlinkInit
 .text.BlinkTASK
                0x00000000080009c0       0x78 ./Blink/src/Blink.o
                0x00000000080009c0                BlinkTASK
 .text.__NVIC_GetPriorityGrouping
                0x0000000008000a38       0x1c ./Core/Src/dma.o
 .text.__NVIC_EnableIRQ
                0x0000000008000a54       0x3c ./Core/Src/dma.o
 .text.__NVIC_SetPriority
                0x0000000008000a90       0x54 ./Core/Src/dma.o
 .text.NVIC_EncodePriority
                0x0000000008000ae4       0x66 ./Core/Src/dma.o
 *fill*         0x0000000008000b4a        0x2 
 .text.LL_AHB1_GRP1_EnableClock
                0x0000000008000b4c       0x30 ./Core/Src/dma.o
 .text.MX_DMA_Init
                0x0000000008000b7c       0x30 ./Core/Src/dma.o
                0x0000000008000b7c                MX_DMA_Init
 .text.LL_AHB1_GRP1_EnableClock
                0x0000000008000bac       0x30 ./Core/Src/gpio.o
 .text.LL_SYSCFG_SetEXTISource
                0x0000000008000bdc       0x5c ./Core/Src/gpio.o
 .text.LL_GPIO_SetPinMode
                0x0000000008000c38       0x5e ./Core/Src/gpio.o
 .text.LL_GPIO_SetPinPull
                0x0000000008000c96       0x5e ./Core/Src/gpio.o
 .text.LL_GPIO_ResetOutputPin
                0x0000000008000cf4       0x1e ./Core/Src/gpio.o
 *fill*         0x0000000008000d12        0x2 
 .text.MX_GPIO_Init
                0x0000000008000d14       0xb0 ./Core/Src/gpio.o
                0x0000000008000d14                MX_GPIO_Init
 .text.__NVIC_SetPriorityGrouping
                0x0000000008000dc4       0x48 ./Core/Src/main.o
 .text.LL_RCC_HSI_Enable
                0x0000000008000e0c       0x20 ./Core/Src/main.o
 .text.LL_RCC_HSI_IsReady
                0x0000000008000e2c       0x24 ./Core/Src/main.o
 .text.LL_RCC_HSI_SetCalibTrimming
                0x0000000008000e50       0x2c ./Core/Src/main.o
 .text.LL_RCC_SetSysClkSource
                0x0000000008000e7c       0x28 ./Core/Src/main.o
 .text.LL_RCC_GetSysClkSource
                0x0000000008000ea4       0x1c ./Core/Src/main.o
 .text.LL_RCC_SetAHBPrescaler
                0x0000000008000ec0       0x28 ./Core/Src/main.o
 .text.LL_RCC_SetAPB1Prescaler
                0x0000000008000ee8       0x28 ./Core/Src/main.o
 .text.LL_RCC_SetAPB2Prescaler
                0x0000000008000f10       0x28 ./Core/Src/main.o
 .text.LL_RCC_SetTIMPrescaler
                0x0000000008000f38       0x2c ./Core/Src/main.o
 .text.LL_RCC_PLL_Enable
                0x0000000008000f64       0x20 ./Core/Src/main.o
 .text.LL_RCC_PLL_IsReady
                0x0000000008000f84       0x28 ./Core/Src/main.o
 .text.LL_RCC_PLL_ConfigDomain_SYS
                0x0000000008000fac       0x4c ./Core/Src/main.o
 .text.LL_APB1_GRP1_EnableClock
                0x0000000008000ff8       0x30 ./Core/Src/main.o
 .text.LL_APB2_GRP1_EnableClock
                0x0000000008001028       0x30 ./Core/Src/main.o
 .text.LL_FLASH_SetLatency
                0x0000000008001058       0x28 ./Core/Src/main.o
 .text.LL_FLASH_GetLatency
                0x0000000008001080       0x1c ./Core/Src/main.o
 .text.LL_PWR_SetRegulVoltageScaling
                0x000000000800109c       0x28 ./Core/Src/main.o
 .text.main     0x00000000080010c4       0x40 ./Core/Src/main.o
                0x00000000080010c4                main
 .text.SystemClock_Config
                0x0000000008001104       0x94 ./Core/Src/main.o
                0x0000000008001104                SystemClock_Config
 .text.LL_DMA_IsActiveFlag_TC6
                0x0000000008001198       0x28 ./Core/Src/stm32f4xx_it.o
 .text.LL_TIM_ClearFlag_UPDATE
                0x00000000080011c0       0x1c ./Core/Src/stm32f4xx_it.o
 .text.LL_TIM_IsActiveFlag_UPDATE
                0x00000000080011dc       0x26 ./Core/Src/stm32f4xx_it.o
 .text.LL_USART_IsActiveFlag_RXNE
                0x0000000008001202       0x26 ./Core/Src/stm32f4xx_it.o
 .text.NMI_Handler
                0x0000000008001228        0x6 ./Core/Src/stm32f4xx_it.o
                0x0000000008001228                NMI_Handler
 .text.HardFault_Handler
                0x000000000800122e        0x6 ./Core/Src/stm32f4xx_it.o
                0x000000000800122e                HardFault_Handler
 .text.MemManage_Handler
                0x0000000008001234        0x6 ./Core/Src/stm32f4xx_it.o
                0x0000000008001234                MemManage_Handler
 .text.BusFault_Handler
                0x000000000800123a        0x6 ./Core/Src/stm32f4xx_it.o
                0x000000000800123a                BusFault_Handler
 .text.UsageFault_Handler
                0x0000000008001240        0x6 ./Core/Src/stm32f4xx_it.o
                0x0000000008001240                UsageFault_Handler
 .text.SVC_Handler
                0x0000000008001246        0xe ./Core/Src/stm32f4xx_it.o
                0x0000000008001246                SVC_Handler
 .text.DebugMon_Handler
                0x0000000008001254        0xe ./Core/Src/stm32f4xx_it.o
                0x0000000008001254                DebugMon_Handler
 .text.PendSV_Handler
                0x0000000008001262        0xe ./Core/Src/stm32f4xx_it.o
                0x0000000008001262                PendSV_Handler
 .text.SysTick_Handler
                0x0000000008001270        0xe ./Core/Src/stm32f4xx_it.o
                0x0000000008001270                SysTick_Handler
 *fill*         0x000000000800127e        0x2 
 .text.DMA1_Stream6_IRQHandler
                0x0000000008001280       0x1c ./Core/Src/stm32f4xx_it.o
                0x0000000008001280                DMA1_Stream6_IRQHandler
 .text.TIM1_TRG_COM_TIM11_IRQHandler
                0x000000000800129c       0x24 ./Core/Src/stm32f4xx_it.o
                0x000000000800129c                TIM1_TRG_COM_TIM11_IRQHandler
 .text.USART2_IRQHandler
                0x00000000080012c0       0x1c ./Core/Src/stm32f4xx_it.o
                0x00000000080012c0                USART2_IRQHandler
 .text._sbrk    0x00000000080012dc       0x6c ./Core/Src/sysmem.o
                0x00000000080012dc                _sbrk
 .text.SystemInit
                0x0000000008001348       0x24 ./Core/Src/system_stm32f4xx.o
                0x0000000008001348                SystemInit
 .text.__NVIC_GetPriorityGrouping
                0x000000000800136c       0x1c ./Core/Src/tim.o
 .text.__NVIC_EnableIRQ
                0x0000000008001388       0x3c ./Core/Src/tim.o
 .text.__NVIC_SetPriority
                0x00000000080013c4       0x54 ./Core/Src/tim.o
 .text.NVIC_EncodePriority
                0x0000000008001418       0x66 ./Core/Src/tim.o
 *fill*         0x000000000800147e        0x2 
 .text.LL_APB2_GRP1_EnableClock
                0x0000000008001480       0x30 ./Core/Src/tim.o
 .text.LL_TIM_EnableCounter
                0x00000000080014b0       0x20 ./Core/Src/tim.o
 .text.LL_TIM_EnableARRPreload
                0x00000000080014d0       0x20 ./Core/Src/tim.o
 .text.LL_TIM_EnableIT_UPDATE
                0x00000000080014f0       0x20 ./Core/Src/tim.o
 .text.MX_TIM11_Init
                0x0000000008001510       0x7c ./Core/Src/tim.o
                0x0000000008001510                MX_TIM11_Init
 .text.__NVIC_GetPriorityGrouping
                0x000000000800158c       0x1c ./Core/Src/usart.o
 .text.__NVIC_EnableIRQ
                0x00000000080015a8       0x3c ./Core/Src/usart.o
 .text.__NVIC_SetPriority
                0x00000000080015e4       0x54 ./Core/Src/usart.o
 .text.NVIC_EncodePriority
                0x0000000008001638       0x66 ./Core/Src/usart.o
 *fill*         0x000000000800169e        0x2 
 .text.LL_DMA_SetDataTransferDirection
                0x00000000080016a0       0x48 ./Core/Src/usart.o
 .text.LL_DMA_SetMode
                0x00000000080016e8       0x48 ./Core/Src/usart.o
 .text.LL_DMA_SetPeriphIncMode
                0x0000000008001730       0x48 ./Core/Src/usart.o
 .text.LL_DMA_SetMemoryIncMode
                0x0000000008001778       0x48 ./Core/Src/usart.o
 .text.LL_DMA_SetPeriphSize
                0x00000000080017c0       0x48 ./Core/Src/usart.o
 .text.LL_DMA_SetMemorySize
                0x0000000008001808       0x48 ./Core/Src/usart.o
 .text.LL_DMA_SetStreamPriorityLevel
                0x0000000008001850       0x48 ./Core/Src/usart.o
 .text.LL_DMA_SetChannelSelection
                0x0000000008001898       0x48 ./Core/Src/usart.o
 .text.LL_DMA_DisableFifoMode
                0x00000000080018e0       0x40 ./Core/Src/usart.o
 .text.LL_AHB1_GRP1_EnableClock
                0x0000000008001920       0x30 ./Core/Src/usart.o
 .text.LL_APB1_GRP1_EnableClock
                0x0000000008001950       0x30 ./Core/Src/usart.o
 .text.LL_USART_Enable
                0x0000000008001980       0x20 ./Core/Src/usart.o
 .text.LL_USART_ConfigAsyncMode
                0x00000000080019a0       0x2c ./Core/Src/usart.o
 .text.LL_USART_EnableIT_RXNE
                0x00000000080019cc       0x46 ./Core/Src/usart.o
 *fill*         0x0000000008001a12        0x2 
 .text.MX_USART2_UART_Init
                0x0000000008001a14      0x128 ./Core/Src/usart.o
                0x0000000008001a14                MX_USART2_UART_Init
 .text.Reset_Handler
                0x0000000008001b3c       0x50 ./Core/Startup/startup_stm32f401retx.o
                0x0000000008001b3c                Reset_Handler
 .text.Default_Handler
                0x0000000008001b8c        0x2 ./Core/Startup/startup_stm32f401retx.o
                0x0000000008001b8c                RTC_Alarm_IRQHandler
                0x0000000008001b8c                EXTI2_IRQHandler
                0x0000000008001b8c                SPI4_IRQHandler
                0x0000000008001b8c                TIM1_CC_IRQHandler
                0x0000000008001b8c                DMA2_Stream5_IRQHandler
                0x0000000008001b8c                DMA1_Stream5_IRQHandler
                0x0000000008001b8c                PVD_IRQHandler
                0x0000000008001b8c                SDIO_IRQHandler
                0x0000000008001b8c                TAMP_STAMP_IRQHandler
                0x0000000008001b8c                EXTI3_IRQHandler
                0x0000000008001b8c                TIM1_UP_TIM10_IRQHandler
                0x0000000008001b8c                I2C3_ER_IRQHandler
                0x0000000008001b8c                EXTI0_IRQHandler
                0x0000000008001b8c                I2C2_EV_IRQHandler
                0x0000000008001b8c                DMA1_Stream2_IRQHandler
                0x0000000008001b8c                FPU_IRQHandler
                0x0000000008001b8c                DMA2_Stream2_IRQHandler
                0x0000000008001b8c                SPI1_IRQHandler
                0x0000000008001b8c                TIM1_BRK_TIM9_IRQHandler
                0x0000000008001b8c                DMA2_Stream3_IRQHandler
                0x0000000008001b8c                USART6_IRQHandler
                0x0000000008001b8c                DMA2_Stream0_IRQHandler
                0x0000000008001b8c                TIM4_IRQHandler
                0x0000000008001b8c                I2C1_EV_IRQHandler
                0x0000000008001b8c                DMA1_Stream1_IRQHandler
                0x0000000008001b8c                TIM3_IRQHandler
                0x0000000008001b8c                RCC_IRQHandler
                0x0000000008001b8c                Default_Handler
                0x0000000008001b8c                EXTI15_10_IRQHandler
                0x0000000008001b8c                ADC_IRQHandler
                0x0000000008001b8c                DMA1_Stream7_IRQHandler
                0x0000000008001b8c                TIM5_IRQHandler
                0x0000000008001b8c                DMA2_Stream7_IRQHandler
                0x0000000008001b8c                I2C3_EV_IRQHandler
                0x0000000008001b8c                EXTI9_5_IRQHandler
                0x0000000008001b8c                RTC_WKUP_IRQHandler
                0x0000000008001b8c                SPI2_IRQHandler
                0x0000000008001b8c                DMA1_Stream0_IRQHandler
                0x0000000008001b8c                EXTI4_IRQHandler
                0x0000000008001b8c                WWDG_IRQHandler
                0x0000000008001b8c                TIM2_IRQHandler
                0x0000000008001b8c                OTG_FS_WKUP_IRQHandler
                0x0000000008001b8c                EXTI1_IRQHandler
                0x0000000008001b8c                I2C2_ER_IRQHandler
                0x0000000008001b8c                DMA2_Stream1_IRQHandler
                0x0000000008001b8c                FLASH_IRQHandler
                0x0000000008001b8c                DMA2_Stream4_IRQHandler
                0x0000000008001b8c                USART1_IRQHandler
                0x0000000008001b8c                OTG_FS_IRQHandler
                0x0000000008001b8c                SPI3_IRQHandler
                0x0000000008001b8c                DMA1_Stream4_IRQHandler
                0x0000000008001b8c                I2C1_ER_IRQHandler
                0x0000000008001b8c                DMA2_Stream6_IRQHandler
                0x0000000008001b8c                DMA1_Stream3_IRQHandler
 *fill*         0x0000000008001b8e        0x2 
 .text.initDEMO
                0x0000000008001b90       0x54 ./Demo/src/demo.o
                0x0000000008001b90                initDEMO
 *fill*         0x0000000008001be4        0x4 
 .text.DemoTASK
                0x0000000008001be8       0x44 ./Demo/src/demo.o
                0x0000000008001be8                DemoTASK
 .text.DemoASCCallback
                0x0000000008001c2c       0x38 ./Demo/src/demo.o
                0x0000000008001c2c                DemoASCCallback
 .text.LL_EXTI_EnableIT_0_31
                0x0000000008001c64       0x24 ./Drivers/STM32F4xx_HAL_Driver/Src/stm32f4xx_ll_exti.o
 .text.LL_EXTI_DisableIT_0_31
                0x0000000008001c88       0x28 ./Drivers/STM32F4xx_HAL_Driver/Src/stm32f4xx_ll_exti.o
 .text.LL_EXTI_EnableEvent_0_31
                0x0000000008001cb0       0x24 ./Drivers/STM32F4xx_HAL_Driver/Src/stm32f4xx_ll_exti.o
 .text.LL_EXTI_DisableEvent_0_31
                0x0000000008001cd4       0x28 ./Drivers/STM32F4xx_HAL_Driver/Src/stm32f4xx_ll_exti.o
 .text.LL_EXTI_EnableRisingTrig_0_31
                0x0000000008001cfc       0x24 ./Drivers/STM32F4xx_HAL_Driver/Src/stm32f4xx_ll_exti.o
 .text.LL_EXTI_DisableRisingTrig_0_31
                0x0000000008001d20       0x28 ./Drivers/STM32F4xx_HAL_Driver/Src/stm32f4xx_ll_exti.o
 .text.LL_EXTI_EnableFallingTrig_0_31
                0x0000000008001d48       0x24 ./Drivers/STM32F4xx_HAL_Driver/Src/stm32f4xx_ll_exti.o
 .text.LL_EXTI_DisableFallingTrig_0_31
                0x0000000008001d6c       0x28 ./Drivers/STM32F4xx_HAL_Driver/Src/stm32f4xx_ll_exti.o
 .text.LL_EXTI_Init
                0x0000000008001d94      0x102 ./Drivers/STM32F4xx_HAL_Driver/Src/stm32f4xx_ll_exti.o
                0x0000000008001d94                LL_EXTI_Init
 .text.LL_GPIO_SetPinMode
                0x0000000008001e96       0x5e ./Drivers/STM32F4xx_HAL_Driver/Src/stm32f4xx_ll_gpio.o
 .text.LL_GPIO_SetPinOutputType
                0x0000000008001ef4       0x30 ./Drivers/STM32F4xx_HAL_Driver/Src/stm32f4xx_ll_gpio.o
 .text.LL_GPIO_SetPinSpeed
                0x0000000008001f24       0x5e ./Drivers/STM32F4xx_HAL_Driver/Src/stm32f4xx_ll_gpio.o
 .text.LL_GPIO_SetPinPull
                0x0000000008001f82       0x5e ./Drivers/STM32F4xx_HAL_Driver/Src/stm32f4xx_ll_gpio.o
 .text.LL_GPIO_SetAFPin_0_7
                0x0000000008001fe0       0x5e ./Drivers/STM32F4xx_HAL_Driver/Src/stm32f4xx_ll_gpio.o
 .text.LL_GPIO_SetAFPin_8_15
                0x000000000800203e       0x62 ./Drivers/STM32F4xx_HAL_Driver/Src/stm32f4xx_ll_gpio.o
 .text.LL_GPIO_Init
                0x00000000080020a0       0xe6 ./Drivers/STM32F4xx_HAL_Driver/Src/stm32f4xx_ll_gpio.o
                0x00000000080020a0                LL_GPIO_Init
 *fill*         0x0000000008002186        0x2 
 .text.LL_RCC_GetSysClkSource
                0x0000000008002188       0x1c ./Drivers/STM32F4xx_HAL_Driver/Src/stm32f4xx_ll_rcc.o
 .text.LL_RCC_GetAHBPrescaler
                0x00000000080021a4       0x1c ./Drivers/STM32F4xx_HAL_Driver/Src/stm32f4xx_ll_rcc.o
 .text.LL_RCC_GetAPB1Prescaler
                0x00000000080021c0       0x1c ./Drivers/STM32F4xx_HAL_Driver/Src/stm32f4xx_ll_rcc.o
 .text.LL_RCC_GetAPB2Prescaler
                0x00000000080021dc       0x1c ./Drivers/STM32F4xx_HAL_Driver/Src/stm32f4xx_ll_rcc.o
 .text.LL_RCC_PLL_GetMainSource
                0x00000000080021f8       0x1c ./Drivers/STM32F4xx_HAL_Driver/Src/stm32f4xx_ll_rcc.o
 .text.LL_RCC_PLL_GetN
                0x0000000008002214       0x1c ./Drivers/STM32F4xx_HAL_Driver/Src/stm32f4xx_ll_rcc.o
 .text.LL_RCC_PLL_GetP
                0x0000000008002230       0x1c ./Drivers/STM32F4xx_HAL_Driver/Src/stm32f4xx_ll_rcc.o
 .text.LL_RCC_PLL_GetDivider
                0x000000000800224c       0x1c ./Drivers/STM32F4xx_HAL_Driver/Src/stm32f4xx_ll_rcc.o
 .text.LL_RCC_GetSystemClocksFreq
                0x0000000008002268       0x4a ./Drivers/STM32F4xx_HAL_Driver/Src/stm32f4xx_ll_rcc.o
                0x0000000008002268                LL_RCC_GetSystemClocksFreq
 *fill*         0x00000000080022b2        0x2 
 .text.RCC_GetSystemClockFreq
                0x00000000080022b4       0x50 ./Drivers/STM32F4xx_HAL_Driver/Src/stm32f4xx_ll_rcc.o
                0x00000000080022b4                RCC_GetSystemClockFreq
 .text.RCC_GetHCLKClockFreq
                0x0000000008002304       0x2c ./Drivers/STM32F4xx_HAL_Driver/Src/stm32f4xx_ll_rcc.o
                0x0000000008002304                RCC_GetHCLKClockFreq
 .text.RCC_GetPCLK1ClockFreq
                0x0000000008002330       0x28 ./Drivers/STM32F4xx_HAL_Driver/Src/stm32f4xx_ll_rcc.o
                0x0000000008002330                RCC_GetPCLK1ClockFreq
 .text.RCC_GetPCLK2ClockFreq
                0x0000000008002358       0x28 ./Drivers/STM32F4xx_HAL_Driver/Src/stm32f4xx_ll_rcc.o
                0x0000000008002358                RCC_GetPCLK2ClockFreq
 .text.RCC_PLL_GetFreqDomain_SYS
                0x0000000008002380       0x7c ./Drivers/STM32F4xx_HAL_Driver/Src/stm32f4xx_ll_rcc.o
                0x0000000008002380                RCC_PLL_GetFreqDomain_SYS
 .text.LL_TIM_SetPrescaler
                0x00000000080023fc       0x1c ./Drivers/STM32F4xx_HAL_Driver/Src/stm32f4xx_ll_tim.o
 .text.LL_TIM_SetAutoReload
                0x0000000008002418       0x1c ./Drivers/STM32F4xx_HAL_Driver/Src/stm32f4xx_ll_tim.o
 .text.LL_TIM_SetRepetitionCounter
                0x0000000008002434       0x1c ./Drivers/STM32F4xx_HAL_Driver/Src/stm32f4xx_ll_tim.o
 .text.LL_TIM_GenerateEvent_UPDATE
                0x0000000008002450       0x20 ./Drivers/STM32F4xx_HAL_Driver/Src/stm32f4xx_ll_tim.o
 .text.LL_TIM_Init
                0x0000000008002470       0xf4 ./Drivers/STM32F4xx_HAL_Driver/Src/stm32f4xx_ll_tim.o
                0x0000000008002470                LL_TIM_Init
 .text.LL_USART_IsEnabled
                0x0000000008002564       0x28 ./Drivers/STM32F4xx_HAL_Driver/Src/stm32f4xx_ll_usart.o
 .text.LL_USART_SetStopBitsLength
                0x000000000800258c       0x26 ./Drivers/STM32F4xx_HAL_Driver/Src/stm32f4xx_ll_usart.o
 .text.LL_USART_SetHWFlowCtrl
                0x00000000080025b2       0x26 ./Drivers/STM32F4xx_HAL_Driver/Src/stm32f4xx_ll_usart.o
 .text.LL_USART_SetBaudRate
                0x00000000080025d8      0x320 ./Drivers/STM32F4xx_HAL_Driver/Src/stm32f4xx_ll_usart.o
 .text.LL_USART_Init
                0x00000000080028f8       0xc8 ./Drivers/STM32F4xx_HAL_Driver/Src/stm32f4xx_ll_usart.o
                0x00000000080028f8                LL_USART_Init
 .text.LL_InitTick
                0x00000000080029c0       0x34 ./Drivers/STM32F4xx_HAL_Driver/Src/stm32f4xx_ll_utils.o
 .text.LL_Init1msTick
                0x00000000080029f4       0x1a ./Drivers/STM32F4xx_HAL_Driver/Src/stm32f4xx_ll_utils.o
                0x00000000080029f4                LL_Init1msTick
 *fill*         0x0000000008002a0e        0x2 
 .text.LL_SetSystemCoreClock
                0x0000000008002a10       0x20 ./Drivers/STM32F4xx_HAL_Driver/Src/stm32f4xx_ll_utils.o
                0x0000000008002a10                LL_SetSystemCoreClock
 .text.oneshotInit
                0x0000000008002a30       0x90 ./src/LTOS_oneshot.o
                0x0000000008002a30                oneshotInit
 .text.oneshotFree
                0x0000000008002ac0       0x54 ./src/LTOS_oneshot.o
                0x0000000008002ac0                oneshotFree
 .text.LTOS_run
                0x0000000008002b14       0xec ./src/LTOS_oneshot.o
                0x0000000008002b14                LTOS_run
 .text.LTOS_oneshotAttach
                0x0000000008002c00       0x9c ./src/LTOS_oneshot.o
                0x0000000008002c00                LTOS_oneshotAttach
 .text.LTOS_oneshotAlloc
                0x0000000008002c9c       0x40 ./src/LTOS_oneshot.o
                0x0000000008002c9c                LTOS_oneshotAlloc
 .text.LTOS_getTick
                0x0000000008002cdc       0x3c ./src/LTOS_tick.o
                0x0000000008002cdc                LTOS_getTick
 .text.LTOS_tickIncrease
                0x0000000008002d18       0x24 ./src/LTOS_tick.o
                0x0000000008002d18                LTOS_tickIncrease
 .text.__errno  0x0000000008002d3c        0xc c:/st/stm32cubeide_1.4.0/stm32cubeide/plugins/com.st.stm32cube.ide.mcu.externaltools.gnu-tools-for-stm32.9-2020-q2-update.win32_2.0.0.202105311346/tools/bin/../lib/gcc/arm-none-eabi/9.3.1/../../../../arm-none-eabi/lib/thumb/v7e-m+fp/hard\libc_nano.a(lib_a-errno.o)
                0x0000000008002d3c                __errno
 .text.__libc_init_array
                0x0000000008002d48       0x48 c:/st/stm32cubeide_1.4.0/stm32cubeide/plugins/com.st.stm32cube.ide.mcu.externaltools.gnu-tools-for-stm32.9-2020-q2-update.win32_2.0.0.202105311346/tools/bin/../lib/gcc/arm-none-eabi/9.3.1/../../../../arm-none-eabi/lib/thumb/v7e-m+fp/hard\libc_nano.a(lib_a-init.o)
                0x0000000008002d48                __libc_init_array
 .text.malloc   0x0000000008002d90       0x10 c:/st/stm32cubeide_1.4.0/stm32cubeide/plugins/com.st.stm32cube.ide.mcu.externaltools.gnu-tools-for-stm32.9-2020-q2-update.win32_2.0.0.202105311346/tools/bin/../lib/gcc/arm-none-eabi/9.3.1/../../../../arm-none-eabi/lib/thumb/v7e-m+fp/hard\libc_nano.a(lib_a-malloc.o)
                0x0000000008002d90                malloc
 .text.free     0x0000000008002da0       0x10 c:/st/stm32cubeide_1.4.0/stm32cubeide/plugins/com.st.stm32cube.ide.mcu.externaltools.gnu-tools-for-stm32.9-2020-q2-update.win32_2.0.0.202105311346/tools/bin/../lib/gcc/arm-none-eabi/9.3.1/../../../../arm-none-eabi/lib/thumb/v7e-m+fp/hard\libc_nano.a(lib_a-malloc.o)
                0x0000000008002da0                free
 .text.memcpy   0x0000000008002db0       0x1c c:/st/stm32cubeide_1.4.0/stm32cubeide/plugins/com.st.stm32cube.ide.mcu.externaltools.gnu-tools-for-stm32.9-2020-q2-update.win32_2.0.0.202105311346/tools/bin/../lib/gcc/arm-none-eabi/9.3.1/../../../../arm-none-eabi/lib/thumb/v7e-m+fp/hard\libc_nano.a(lib_a-memcpy-stub.o)
                0x0000000008002db0                memcpy
 .text._free_r  0x0000000008002dcc       0xa0 c:/st/stm32cubeide_1.4.0/stm32cubeide/plugins/com.st.stm32cube.ide.mcu.externaltools.gnu-tools-for-stm32.9-2020-q2-update.win32_2.0.0.202105311346/tools/bin/../lib/gcc/arm-none-eabi/9.3.1/../../../../arm-none-eabi/lib/thumb/v7e-m+fp/hard\libc_nano.a(lib_a-nano-freer.o)
                0x0000000008002dcc                _free_r
 .text._malloc_r
                0x0000000008002e6c       0xb4 c:/st/stm32cubeide_1.4.0/stm32cubeide/plugins/com.st.stm32cube.ide.mcu.externaltools.gnu-tools-for-stm32.9-2020-q2-update.win32_2.0.0.202105311346/tools/bin/../lib/gcc/arm-none-eabi/9.3.1/../../../../arm-none-eabi/lib/thumb/v7e-m+fp/hard\libc_nano.a(lib_a-nano-mallocr.o)
                0x0000000008002e6c                _malloc_r
 .text._sbrk_r  0x0000000008002f20       0x20 c:/st/stm32cubeide_1.4.0/stm32cubeide/plugins/com.st.stm32cube.ide.mcu.externaltools.gnu-tools-for-stm32.9-2020-q2-update.win32_2.0.0.202105311346/tools/bin/../lib/gcc/arm-none-eabi/9.3.1/../../../../arm-none-eabi/lib/thumb/v7e-m+fp/hard\libc_nano.a(lib_a-sbrkr.o)
                0x0000000008002f20                _sbrk_r
 .text.__malloc_lock
                0x0000000008002f40        0xc c:/st/stm32cubeide_1.4.0/stm32cubeide/plugins/com.st.stm32cube.ide.mcu.externaltools.gnu-tools-for-stm32.9-2020-q2-update.win32_2.0.0.202105311346/tools/bin/../lib/gcc/arm-none-eabi/9.3.1/../../../../arm-none-eabi/lib/thumb/v7e-m+fp/hard\libc_nano.a(lib_a-mlock.o)
                0x0000000008002f40                __malloc_lock
 .text.__malloc_unlock
                0x0000000008002f4c        0xc c:/st/stm32cubeide_1.4.0/stm32cubeide/plugins/com.st.stm32cube.ide.mcu.externaltools.gnu-tools-for-stm32.9-2020-q2-update.win32_2.0.0.202105311346/tools/bin/../lib/gcc/arm-none-eabi/9.3.1/../../../../arm-none-eabi/lib/thumb/v7e-m+fp/hard\libc_nano.a(lib_a-mlock.o)
                0x0000000008002f4c                __malloc_unlock
 .text.__retarget_lock_acquire_recursive
                0x0000000008002f58        0x2 c:/st/stm32cubeide_1.4.0/stm32cubeide/plugins/com.st.stm32cube.ide.mcu.externaltools.gnu-tools-for-stm32.9-2020-q2-update.win32_2.0.0.202105311346/tools/bin/../lib/gcc/arm-none-eabi/9.3.1/../../../../arm-none-eabi/lib/thumb/v7e-m+fp/hard\libc_nano.a(lib_a-lock.o)
                0x0000000008002f58                __retarget_lock_acquire_recursive
 .text.__retarget_lock_release_recursive
                0x0000000008002f5a        0x2 c:/st/stm32cubeide_1.4.0/stm32cubeide/plugins/com.st.stm32cube.ide.mcu.externaltools.gnu-tools-for-stm32.9-2020-q2-update.win32_2.0.0.202105311346/tools/bin/../lib/gcc/arm-none-eabi/9.3.1/../../../../arm-none-eabi/lib/thumb/v7e-m+fp/hard\libc_nano.a(lib_a-lock.o)
                0x0000000008002f5a                __retarget_lock_release_recursive
 *(.glue_7)
 .glue_7        0x0000000008002f5c        0x0 linker stubs
 *(.glue_7t)
 .glue_7t       0x0000000008002f5c        0x0 linker stubs
 *(.eh_frame)
 .eh_frame      0x0000000008002f5c        0x0 c:/st/stm32cubeide_1.4.0/stm32cubeide/plugins/com.st.stm32cube.ide.mcu.externaltools.gnu-tools-for-stm32.9-2020-q2-update.win32_2.0.0.202105311346/tools/bin/../lib/gcc/arm-none-eabi/9.3.1/thumb/v7e-m+fp/hard/crtbegin.o
 *(.init)
 .init          0x0000000008002f5c        0x4 c:/st/stm32cubeide_1.4.0/stm32cubeide/plugins/com.st.stm32cube.ide.mcu.externaltools.gnu-tools-for-stm32.9-2020-q2-update.win32_2.0.0.202105311346/tools/bin/../lib/gcc/arm-none-eabi/9.3.1/thumb/v7e-m+fp/hard/crti.o
                0x0000000008002f5c                _init
 .init          0x0000000008002f60        0x8 c:/st/stm32cubeide_1.4.0/stm32cubeide/plugins/com.st.stm32cube.ide.mcu.externaltools.gnu-tools-for-stm32.9-2020-q2-update.win32_2.0.0.202105311346/tools/bin/../lib/gcc/arm-none-eabi/9.3.1/thumb/v7e-m+fp/hard/crtn.o
 *(.fini)
 .fini          0x0000000008002f68        0x4 c:/st/stm32cubeide_1.4.0/stm32cubeide/plugins/com.st.stm32cube.ide.mcu.externaltools.gnu-tools-for-stm32.9-2020-q2-update.win32_2.0.0.202105311346/tools/bin/../lib/gcc/arm-none-eabi/9.3.1/thumb/v7e-m+fp/hard/crti.o
                0x0000000008002f68                _fini
 .fini          0x0000000008002f6c        0x8 c:/st/stm32cubeide_1.4.0/stm32cubeide/plugins/com.st.stm32cube.ide.mcu.externaltools.gnu-tools-for-stm32.9-2020-q2-update.win32_2.0.0.202105311346/tools/bin/../lib/gcc/arm-none-eabi/9.3.1/thumb/v7e-m+fp/hard/crtn.o
                0x0000000008002f74                . = ALIGN (0x4)
                0x0000000008002f74                _etext = .

.vfp11_veneer   0x0000000008002f74        0x0
 .vfp11_veneer  0x0000000008002f74        0x0 linker stubs

.v4_bx          0x0000000008002f74        0x0
 .v4_bx         0x0000000008002f74        0x0 linker stubs

.iplt           0x0000000008002f74        0x0
 .iplt          0x0000000008002f74        0x0 c:/st/stm32cubeide_1.4.0/stm32cubeide/plugins/com.st.stm32cube.ide.mcu.externaltools.gnu-tools-for-stm32.9-2020-q2-update.win32_2.0.0.202105311346/tools/bin/../lib/gcc/arm-none-eabi/9.3.1/thumb/v7e-m+fp/hard/crtbegin.o

.rodata         0x0000000008002f74       0x28
                0x0000000008002f74                . = ALIGN (0x4)
 *(.rodata)
 *(.rodata*)
 .rodata.STREAM_OFFSET_TAB
                0x0000000008002f74        0x8 ./AsyncComm/src/async_comm.o
 .rodata.AHBPrescTable
                0x0000000008002f7c       0x10 ./Core/Src/system_stm32f4xx.o
                0x0000000008002f7c                AHBPrescTable
 .rodata.APBPrescTable
                0x0000000008002f8c        0x8 ./Core/Src/system_stm32f4xx.o
                0x0000000008002f8c                APBPrescTable
 .rodata.STREAM_OFFSET_TAB
                0x0000000008002f94        0x8 ./Core/Src/usart.o
                0x0000000008002f9c                . = ALIGN (0x4)

.ARM.extab      0x0000000008002f9c        0x0
                0x0000000008002f9c                . = ALIGN (0x4)
 *(.ARM.extab* .gnu.linkonce.armextab.*)
                0x0000000008002f9c                . = ALIGN (0x4)

.ARM            0x0000000008002f9c        0x8
                0x0000000008002f9c                . = ALIGN (0x4)
                0x0000000008002f9c                __exidx_start = .
 *(.ARM.exidx*)
 .ARM.exidx     0x0000000008002f9c        0x8 c:/st/stm32cubeide_1.4.0/stm32cubeide/plugins/com.st.stm32cube.ide.mcu.externaltools.gnu-tools-for-stm32.9-2020-q2-update.win32_2.0.0.202105311346/tools/bin/../lib/gcc/arm-none-eabi/9.3.1/thumb/v7e-m+fp/hard\libgcc.a(_udivmoddi4.o)
                0x0000000008002fa4                __exidx_end = .
                0x0000000008002fa4                . = ALIGN (0x4)

.rel.dyn        0x0000000008002fa4        0x0
 .rel.iplt      0x0000000008002fa4        0x0 c:/st/stm32cubeide_1.4.0/stm32cubeide/plugins/com.st.stm32cube.ide.mcu.externaltools.gnu-tools-for-stm32.9-2020-q2-update.win32_2.0.0.202105311346/tools/bin/../lib/gcc/arm-none-eabi/9.3.1/thumb/v7e-m+fp/hard/crtbegin.o

.preinit_array  0x0000000008002fa4        0x0
                0x0000000008002fa4                . = ALIGN (0x4)
                0x0000000008002fa4                PROVIDE (__preinit_array_start = .)
 *(.preinit_array*)
                0x0000000008002fa4                PROVIDE (__preinit_array_end = .)
                0x0000000008002fa4                . = ALIGN (0x4)

.init_array     0x0000000008002fa4        0x4
                0x0000000008002fa4                . = ALIGN (0x4)
                0x0000000008002fa4                PROVIDE (__init_array_start = .)
 *(SORT_BY_NAME(.init_array.*))
 *(.init_array*)
 .init_array    0x0000000008002fa4        0x4 c:/st/stm32cubeide_1.4.0/stm32cubeide/plugins/com.st.stm32cube.ide.mcu.externaltools.gnu-tools-for-stm32.9-2020-q2-update.win32_2.0.0.202105311346/tools/bin/../lib/gcc/arm-none-eabi/9.3.1/thumb/v7e-m+fp/hard/crtbegin.o
                0x0000000008002fa8                PROVIDE (__init_array_end = .)
                0x0000000008002fa8                . = ALIGN (0x4)

.fini_array     0x0000000008002fa8        0x4
                0x0000000008002fa8                . = ALIGN (0x4)
                [!provide]                        PROVIDE (__fini_array_start = .)
 *(SORT_BY_NAME(.fini_array.*))
 *(.fini_array*)
 .fini_array    0x0000000008002fa8        0x4 c:/st/stm32cubeide_1.4.0/stm32cubeide/plugins/com.st.stm32cube.ide.mcu.externaltools.gnu-tools-for-stm32.9-2020-q2-update.win32_2.0.0.202105311346/tools/bin/../lib/gcc/arm-none-eabi/9.3.1/thumb/v7e-m+fp/hard/crtbegin.o
                [!provide]                        PROVIDE (__fini_array_end = .)
                0x0000000008002fac                . = ALIGN (0x4)
                0x0000000008002fac                _sidata = LOADADDR (.data)

.data           0x0000000020000000       0x8c load address 0x0000000008002fac
                0x0000000020000000                . = ALIGN (0x4)
                0x0000000020000000                _sdata = .
 *(.data)
 *(.data*)
 .data.SystemCoreClock
                0x0000000020000000        0x4 ./Core/Src/system_stm32f4xx.o
                0x0000000020000000                SystemCoreClock
 .data.demoTxBuf
                0x0000000020000004       0x21 ./Demo/src/demo.o
                0x0000000020000004                demoTxBuf
 *fill*         0x0000000020000025        0x3 
 .data._impure_ptr
                0x0000000020000028        0x4 c:/st/stm32cubeide_1.4.0/stm32cubeide/plugins/com.st.stm32cube.ide.mcu.externaltools.gnu-tools-for-stm32.9-2020-q2-update.win32_2.0.0.202105311346/tools/bin/../lib/gcc/arm-none-eabi/9.3.1/../../../../arm-none-eabi/lib/thumb/v7e-m+fp/hard\libc_nano.a(lib_a-impure.o)
                0x0000000020000028                _impure_ptr
 .data.impure_data
                0x000000002000002c       0x60 c:/st/stm32cubeide_1.4.0/stm32cubeide/plugins/com.st.stm32cube.ide.mcu.externaltools.gnu-tools-for-stm32.9-2020-q2-update.win32_2.0.0.202105311346/tools/bin/../lib/gcc/arm-none-eabi/9.3.1/../../../../arm-none-eabi/lib/thumb/v7e-m+fp/hard\libc_nano.a(lib_a-impure.o)
 *(.RamFunc)
 *(.RamFunc*)
                0x000000002000008c                . = ALIGN (0x4)
                0x000000002000008c                _edata = .

.igot.plt       0x000000002000008c        0x0 load address 0x0000000008003038
 .igot.plt      0x000000002000008c        0x0 c:/st/stm32cubeide_1.4.0/stm32cubeide/plugins/com.st.stm32cube.ide.mcu.externaltools.gnu-tools-for-stm32.9-2020-q2-update.win32_2.0.0.202105311346/tools/bin/../lib/gcc/arm-none-eabi/9.3.1/thumb/v7e-m+fp/hard/crtbegin.o
                0x000000002000008c                . = ALIGN (0x4)

.bss            0x0000000020000090      0x2cc load address 0x0000000008003038
                0x0000000020000090                _sbss = .
                0x0000000020000090                __bss_start__ = _sbss
 *(.bss)
 .bss           0x0000000020000090       0x1c c:/st/stm32cubeide_1.4.0/stm32cubeide/plugins/com.st.stm32cube.ide.mcu.externaltools.gnu-tools-for-stm32.9-2020-q2-update.win32_2.0.0.202105311346/tools/bin/../lib/gcc/arm-none-eabi/9.3.1/thumb/v7e-m+fp/hard/crtbegin.o
 *(.bss*)
 .bss.ascTxBuf  0x00000000200000ac      0x12c ./AsyncComm/src/async_comm.o
                0x00000000200000ac                ascTxBuf
 .bss.ascRxBuf  0x00000000200001d8      0x12c ./AsyncComm/src/async_comm.o
                0x00000000200001d8                ascRxBuf
 .bss.ascState  0x0000000020000304        0x1 ./AsyncComm/src/async_comm.o
                0x0000000020000304                ascState
 *fill*         0x0000000020000305        0x3 
 .bss.ascRxCb   0x0000000020000308        0x4 ./AsyncComm/src/async_comm.o
                0x0000000020000308                ascRxCb
 .bss.ascOS     0x000000002000030c        0x4 ./AsyncComm/src/async_comm.o
                0x000000002000030c                ascOS
 .bss.__sbrk_heap_end
                0x0000000020000310        0x4 ./Core/Src/sysmem.o
 .bss.demoOS    0x0000000020000314        0x4 ./Demo/src/demo.o
                0x0000000020000314                demoOS
 .bss.fosp      0x0000000020000318        0x4 ./src/LTOS_oneshot.o
 .bss.dosp      0x000000002000031c        0x4 ./src/LTOS_oneshot.o
 .bss.tick      0x0000000020000320        0x8 ./src/LTOS_tick.o
                0x0000000020000320                tick
 .bss.__malloc_free_list
                0x0000000020000328        0x4 c:/st/stm32cubeide_1.4.0/stm32cubeide/plugins/com.st.stm32cube.ide.mcu.externaltools.gnu-tools-for-stm32.9-2020-q2-update.win32_2.0.0.202105311346/tools/bin/../lib/gcc/arm-none-eabi/9.3.1/../../../../arm-none-eabi/lib/thumb/v7e-m+fp/hard\libc_nano.a(lib_a-nano-mallocr.o)
                0x0000000020000328                __malloc_free_list
 .bss.__malloc_sbrk_start
                0x000000002000032c        0x4 c:/st/stm32cubeide_1.4.0/stm32cubeide/plugins/com.st.stm32cube.ide.mcu.externaltools.gnu-tools-for-stm32.9-2020-q2-update.win32_2.0.0.202105311346/tools/bin/../lib/gcc/arm-none-eabi/9.3.1/../../../../arm-none-eabi/lib/thumb/v7e-m+fp/hard\libc_nano.a(lib_a-nano-mallocr.o)
                0x000000002000032c                __malloc_sbrk_start
 *(COMMON)
 COMMON         0x0000000020000330        0xc ./AsyncComm/src/async_comm.o
                0x0000000020000330                ascTout
                0x0000000020000338                ascRxCtr
                0x000000002000033a                ascRxCnt
 COMMON         0x000000002000033c        0x5 ./Blink/src/Blink.o
                0x000000002000033c                blinkOS
                0x0000000020000340                blinkFlag
 *fill*         0x0000000020000341        0x3 
 COMMON         0x0000000020000344        0x5 ./Demo/src/demo.o
                0x0000000020000344                demoRxBuf
 *fill*         0x0000000020000349        0x3 
 COMMON         0x000000002000034c        0x4 c:/st/stm32cubeide_1.4.0/stm32cubeide/plugins/com.st.stm32cube.ide.mcu.externaltools.gnu-tools-for-stm32.9-2020-q2-update.win32_2.0.0.202105311346/tools/bin/../lib/gcc/arm-none-eabi/9.3.1/../../../../arm-none-eabi/lib/thumb/v7e-m+fp/hard\libc_nano.a(lib_a-reent.o)
                0x000000002000034c                errno
 COMMON         0x0000000020000350        0x9 c:/st/stm32cubeide_1.4.0/stm32cubeide/plugins/com.st.stm32cube.ide.mcu.externaltools.gnu-tools-for-stm32.9-2020-q2-update.win32_2.0.0.202105311346/tools/bin/../lib/gcc/arm-none-eabi/9.3.1/../../../../arm-none-eabi/lib/thumb/v7e-m+fp/hard\libc_nano.a(lib_a-lock.o)
                0x0000000020000350                __lock___atexit_recursive_mutex
                0x0000000020000351                __lock___arc4random_mutex
                0x0000000020000352                __lock___env_recursive_mutex
                0x0000000020000353                __lock___sinit_recursive_mutex
                0x0000000020000354                __lock___malloc_recursive_mutex
                0x0000000020000355                __lock___at_quick_exit_mutex
                0x0000000020000356                __lock___dd_hash_mutex
                0x0000000020000357                __lock___tz_mutex
                0x0000000020000358                __lock___sfp_recursive_mutex
                0x000000002000035c                . = ALIGN (0x4)
 *fill*         0x0000000020000359        0x3 
                0x000000002000035c                _ebss = .
                0x000000002000035c                __bss_end__ = _ebss

._user_heap_stack
                0x000000002000035c      0x604 load address 0x0000000008003038
                0x0000000020000360                . = ALIGN (0x8)
 *fill*         0x000000002000035c        0x4 
                [!provide]                        PROVIDE (end = .)
                0x0000000020000360                PROVIDE (_end = .)
                0x0000000020000560                . = (. + _Min_Heap_Size)
 *fill*         0x0000000020000360      0x200 
                0x0000000020000960                . = (. + _Min_Stack_Size)
 *fill*         0x0000000020000560      0x400 
                0x0000000020000960                . = ALIGN (0x8)

/DISCARD/
 libc.a(*)
 libm.a(*)
 libgcc.a(*)

.ARM.attributes
                0x0000000000000000       0x30
 *(.ARM.attributes)
 .ARM.attributes
                0x0000000000000000       0x1e c:/st/stm32cubeide_1.4.0/stm32cubeide/plugins/com.st.stm32cube.ide.mcu.externaltools.gnu-tools-for-stm32.9-2020-q2-update.win32_2.0.0.202105311346/tools/bin/../lib/gcc/arm-none-eabi/9.3.1/thumb/v7e-m+fp/hard/crti.o
 .ARM.attributes
                0x000000000000001e       0x34 c:/st/stm32cubeide_1.4.0/stm32cubeide/plugins/com.st.stm32cube.ide.mcu.externaltools.gnu-tools-for-stm32.9-2020-q2-update.win32_2.0.0.202105311346/tools/bin/../lib/gcc/arm-none-eabi/9.3.1/thumb/v7e-m+fp/hard/crtbegin.o
 .ARM.attributes
                0x0000000000000052       0x34 ./AsyncComm/src/async_comm.o
 .ARM.attributes
                0x0000000000000086       0x34 ./Blink/src/Blink.o
 .ARM.attributes
                0x00000000000000ba       0x34 ./Core/Src/dma.o
 .ARM.attributes
                0x00000000000000ee       0x34 ./Core/Src/gpio.o
 .ARM.attributes
                0x0000000000000122       0x34 ./Core/Src/main.o
 .ARM.attributes
                0x0000000000000156       0x34 ./Core/Src/stm32f4xx_it.o
 .ARM.attributes
                0x000000000000018a       0x34 ./Core/Src/sysmem.o
 .ARM.attributes
                0x00000000000001be       0x34 ./Core/Src/system_stm32f4xx.o
 .ARM.attributes
                0x00000000000001f2       0x34 ./Core/Src/tim.o
 .ARM.attributes
                0x0000000000000226       0x34 ./Core/Src/usart.o
 .ARM.attributes
                0x000000000000025a       0x21 ./Core/Startup/startup_stm32f401retx.o
 .ARM.attributes
                0x000000000000027b       0x34 ./Demo/src/demo.o
 .ARM.attributes
                0x00000000000002af       0x34 ./Drivers/STM32F4xx_HAL_Driver/Src/stm32f4xx_ll_exti.o
 .ARM.attributes
                0x00000000000002e3       0x34 ./Drivers/STM32F4xx_HAL_Driver/Src/stm32f4xx_ll_gpio.o
 .ARM.attributes
                0x0000000000000317       0x34 ./Drivers/STM32F4xx_HAL_Driver/Src/stm32f4xx_ll_rcc.o
 .ARM.attributes
                0x000000000000034b       0x34 ./Drivers/STM32F4xx_HAL_Driver/Src/stm32f4xx_ll_tim.o
 .ARM.attributes
                0x000000000000037f       0x34 ./Drivers/STM32F4xx_HAL_Driver/Src/stm32f4xx_ll_usart.o
 .ARM.attributes
                0x00000000000003b3       0x34 ./Drivers/STM32F4xx_HAL_Driver/Src/stm32f4xx_ll_utils.o
 .ARM.attributes
                0x00000000000003e7       0x34 ./src/LTOS_oneshot.o
 .ARM.attributes
                0x000000000000041b       0x34 ./src/LTOS_tick.o
 .ARM.attributes
                0x000000000000044f       0x34 c:/st/stm32cubeide_1.4.0/stm32cubeide/plugins/com.st.stm32cube.ide.mcu.externaltools.gnu-tools-for-stm32.9-2020-q2-update.win32_2.0.0.202105311346/tools/bin/../lib/gcc/arm-none-eabi/9.3.1/../../../../arm-none-eabi/lib/thumb/v7e-m+fp/hard\libc_nano.a(lib_a-errno.o)
 .ARM.attributes
                0x0000000000000483       0x32 c:/st/stm32cubeide_1.4.0/stm32cubeide/plugins/com.st.stm32cube.ide.mcu.externaltools.gnu-tools-for-stm32.9-2020-q2-update.win32_2.0.0.202105311346/tools/bin/../lib/gcc/arm-none-eabi/9.3.1/../../../../arm-none-eabi/lib/thumb/v7e-m+fp/hard\libc_nano.a(lib_a-impure.o)
 .ARM.attributes
                0x00000000000004b5       0x34 c:/st/stm32cubeide_1.4.0/stm32cubeide/plugins/com.st.stm32cube.ide.mcu.externaltools.gnu-tools-for-stm32.9-2020-q2-update.win32_2.0.0.202105311346/tools/bin/../lib/gcc/arm-none-eabi/9.3.1/../../../../arm-none-eabi/lib/thumb/v7e-m+fp/hard\libc_nano.a(lib_a-init.o)
 .ARM.attributes
                0x00000000000004e9       0x34 c:/st/stm32cubeide_1.4.0/stm32cubeide/plugins/com.st.stm32cube.ide.mcu.externaltools.gnu-tools-for-stm32.9-2020-q2-update.win32_2.0.0.202105311346/tools/bin/../lib/gcc/arm-none-eabi/9.3.1/../../../../arm-none-eabi/lib/thumb/v7e-m+fp/hard\libc_nano.a(lib_a-malloc.o)
 .ARM.attributes
                0x000000000000051d       0x34 c:/st/stm32cubeide_1.4.0/stm32cubeide/plugins/com.st.stm32cube.ide.mcu.externaltools.gnu-tools-for-stm32.9-2020-q2-update.win32_2.0.0.202105311346/tools/bin/../lib/gcc/arm-none-eabi/9.3.1/../../../../arm-none-eabi/lib/thumb/v7e-m+fp/hard\libc_nano.a(lib_a-memcpy-stub.o)
 .ARM.attributes
                0x0000000000000551       0x34 c:/st/stm32cubeide_1.4.0/stm32cubeide/plugins/com.st.stm32cube.ide.mcu.externaltools.gnu-tools-for-stm32.9-2020-q2-update.win32_2.0.0.202105311346/tools/bin/../lib/gcc/arm-none-eabi/9.3.1/../../../../arm-none-eabi/lib/thumb/v7e-m+fp/hard\libc_nano.a(lib_a-nano-freer.o)
 .ARM.attributes
                0x0000000000000585       0x34 c:/st/stm32cubeide_1.4.0/stm32cubeide/plugins/com.st.stm32cube.ide.mcu.externaltools.gnu-tools-for-stm32.9-2020-q2-update.win32_2.0.0.202105311346/tools/bin/../lib/gcc/arm-none-eabi/9.3.1/../../../../arm-none-eabi/lib/thumb/v7e-m+fp/hard\libc_nano.a(lib_a-nano-mallocr.o)
 .ARM.attributes
                0x00000000000005b9       0x34 c:/st/stm32cubeide_1.4.0/stm32cubeide/plugins/com.st.stm32cube.ide.mcu.externaltools.gnu-tools-for-stm32.9-2020-q2-update.win32_2.0.0.202105311346/tools/bin/../lib/gcc/arm-none-eabi/9.3.1/../../../../arm-none-eabi/lib/thumb/v7e-m+fp/hard\libc_nano.a(lib_a-sbrkr.o)
 .ARM.attributes
                0x00000000000005ed       0x34 c:/st/stm32cubeide_1.4.0/stm32cubeide/plugins/com.st.stm32cube.ide.mcu.externaltools.gnu-tools-for-stm32.9-2020-q2-update.win32_2.0.0.202105311346/tools/bin/../lib/gcc/arm-none-eabi/9.3.1/../../../../arm-none-eabi/lib/thumb/v7e-m+fp/hard\libc_nano.a(lib_a-mlock.o)
 .ARM.attributes
                0x0000000000000621       0x34 c:/st/stm32cubeide_1.4.0/stm32cubeide/plugins/com.st.stm32cube.ide.mcu.externaltools.gnu-tools-for-stm32.9-2020-q2-update.win32_2.0.0.202105311346/tools/bin/../lib/gcc/arm-none-eabi/9.3.1/../../../../arm-none-eabi/lib/thumb/v7e-m+fp/hard\libc_nano.a(lib_a-reent.o)
 .ARM.attributes
                0x0000000000000655       0x34 c:/st/stm32cubeide_1.4.0/stm32cubeide/plugins/com.st.stm32cube.ide.mcu.externaltools.gnu-tools-for-stm32.9-2020-q2-update.win32_2.0.0.202105311346/tools/bin/../lib/gcc/arm-none-eabi/9.3.1/../../../../arm-none-eabi/lib/thumb/v7e-m+fp/hard\libc_nano.a(lib_a-lock.o)
 .ARM.attributes
                0x0000000000000689       0x1e c:/st/stm32cubeide_1.4.0/stm32cubeide/plugins/com.st.stm32cube.ide.mcu.externaltools.gnu-tools-for-stm32.9-2020-q2-update.win32_2.0.0.202105311346/tools/bin/../lib/gcc/arm-none-eabi/9.3.1/thumb/v7e-m+fp/hard\libgcc.a(_aeabi_uldivmod.o)
 .ARM.attributes
                0x00000000000006a7       0x34 c:/st/stm32cubeide_1.4.0/stm32cubeide/plugins/com.st.stm32cube.ide.mcu.externaltools.gnu-tools-for-stm32.9-2020-q2-update.win32_2.0.0.202105311346/tools/bin/../lib/gcc/arm-none-eabi/9.3.1/thumb/v7e-m+fp/hard\libgcc.a(_udivmoddi4.o)
 .ARM.attributes
                0x00000000000006db       0x1e c:/st/stm32cubeide_1.4.0/stm32cubeide/plugins/com.st.stm32cube.ide.mcu.externaltools.gnu-tools-for-stm32.9-2020-q2-update.win32_2.0.0.202105311346/tools/bin/../lib/gcc/arm-none-eabi/9.3.1/thumb/v7e-m+fp/hard\libgcc.a(_dvmd_tls.o)
 .ARM.attributes
                0x00000000000006f9       0x1e c:/st/stm32cubeide_1.4.0/stm32cubeide/plugins/com.st.stm32cube.ide.mcu.externaltools.gnu-tools-for-stm32.9-2020-q2-update.win32_2.0.0.202105311346/tools/bin/../lib/gcc/arm-none-eabi/9.3.1/thumb/v7e-m+fp/hard/crtn.o
OUTPUT(AsyncUartComm_prj.elf elf32-littlearm)
LOAD linker stubs
LOAD c:/st/stm32cubeide_1.4.0/stm32cubeide/plugins/com.st.stm32cube.ide.mcu.externaltools.gnu-tools-for-stm32.9-2020-q2-update.win32_2.0.0.202105311346/tools/bin/../lib/gcc/arm-none-eabi/9.3.1/../../../../arm-none-eabi/lib/thumb/v7e-m+fp/hard\libc.a
LOAD c:/st/stm32cubeide_1.4.0/stm32cubeide/plugins/com.st.stm32cube.ide.mcu.externaltools.gnu-tools-for-stm32.9-2020-q2-update.win32_2.0.0.202105311346/tools/bin/../lib/gcc/arm-none-eabi/9.3.1/../../../../arm-none-eabi/lib/thumb/v7e-m+fp/hard\libm.a
LOAD c:/st/stm32cubeide_1.4.0/stm32cubeide/plugins/com.st.stm32cube.ide.mcu.externaltools.gnu-tools-for-stm32.9-2020-q2-update.win32_2.0.0.202105311346/tools/bin/../lib/gcc/arm-none-eabi/9.3.1/thumb/v7e-m+fp/hard\libgcc.a

.debug_info     0x0000000000000000     0xf767
 .debug_info    0x0000000000000000     0x1162 ./AsyncComm/src/async_comm.o
 .debug_info    0x0000000000001162      0xc9d ./Blink/src/Blink.o
 .debug_info    0x0000000000001dff     0x1208 ./Core/Src/dma.o
 .debug_info    0x0000000000003007     0x1084 ./Core/Src/gpio.o
 .debug_info    0x000000000000408b     0x11ce ./Core/Src/main.o
 .debug_info    0x0000000000005259      0xde0 ./Core/Src/stm32f4xx_it.o
 .debug_info    0x0000000000006039      0xa25 ./Core/Src/sysmem.o
 .debug_info    0x0000000000006a5e      0x572 ./Core/Src/system_stm32f4xx.o
 .debug_info    0x0000000000006fd0     0x1445 ./Core/Src/tim.o
 .debug_info    0x0000000000008415     0x18d7 ./Core/Src/usart.o
 .debug_info    0x0000000000009cec       0x22 ./Core/Startup/startup_stm32f401retx.o
 .debug_info    0x0000000000009d0e      0xbd9 ./Demo/src/demo.o
 .debug_info    0x000000000000a8e7      0x3d4 ./Drivers/STM32F4xx_HAL_Driver/Src/stm32f4xx_ll_exti.o
 .debug_info    0x000000000000acbb      0x8ea ./Drivers/STM32F4xx_HAL_Driver/Src/stm32f4xx_ll_gpio.o
 .debug_info    0x000000000000b5a5      0x801 ./Drivers/STM32F4xx_HAL_Driver/Src/stm32f4xx_ll_rcc.o
 .debug_info    0x000000000000bda6     0x102c ./Drivers/STM32F4xx_HAL_Driver/Src/stm32f4xx_ll_tim.o
 .debug_info    0x000000000000cdd2      0x7f2 ./Drivers/STM32F4xx_HAL_Driver/Src/stm32f4xx_ll_usart.o
 .debug_info    0x000000000000d5c4      0x9b5 ./Drivers/STM32F4xx_HAL_Driver/Src/stm32f4xx_ll_utils.o
 .debug_info    0x000000000000df79      0xcf6 ./src/LTOS_oneshot.o
 .debug_info    0x000000000000ec6f      0xaf8 ./src/LTOS_tick.o

.debug_abbrev   0x0000000000000000     0x2a79
 .debug_abbrev  0x0000000000000000      0x37e ./AsyncComm/src/async_comm.o
 .debug_abbrev  0x000000000000037e      0x23e ./Blink/src/Blink.o
 .debug_abbrev  0x00000000000005bc      0x28c ./Core/Src/dma.o
 .debug_abbrev  0x0000000000000848      0x28d ./Core/Src/gpio.o
 .debug_abbrev  0x0000000000000ad5      0x283 ./Core/Src/main.o
 .debug_abbrev  0x0000000000000d58      0x21c ./Core/Src/stm32f4xx_it.o
 .debug_abbrev  0x0000000000000f74      0x1bf ./Core/Src/sysmem.o
 .debug_abbrev  0x0000000000001133      0x129 ./Core/Src/system_stm32f4xx.o
 .debug_abbrev  0x000000000000125c      0x28e ./Core/Src/tim.o
 .debug_abbrev  0x00000000000014ea      0x324 ./Core/Src/usart.o
 .debug_abbrev  0x000000000000180e       0x12 ./Core/Startup/startup_stm32f401retx.o
 .debug_abbrev  0x0000000000001820      0x1ec ./Demo/src/demo.o
 .debug_abbrev  0x0000000000001a0c      0x193 ./Drivers/STM32F4xx_HAL_Driver/Src/stm32f4xx_ll_exti.o
 .debug_abbrev  0x0000000000001b9f      0x23b ./Drivers/STM32F4xx_HAL_Driver/Src/stm32f4xx_ll_gpio.o
 .debug_abbrev  0x0000000000001dda      0x1fa ./Drivers/STM32F4xx_HAL_Driver/Src/stm32f4xx_ll_rcc.o
 .debug_abbrev  0x0000000000001fd4      0x22b ./Drivers/STM32F4xx_HAL_Driver/Src/stm32f4xx_ll_tim.o
 .debug_abbrev  0x00000000000021ff      0x1f1 ./Drivers/STM32F4xx_HAL_Driver/Src/stm32f4xx_ll_usart.o
 .debug_abbrev  0x00000000000023f0      0x23d ./Drivers/STM32F4xx_HAL_Driver/Src/stm32f4xx_ll_utils.o
 .debug_abbrev  0x000000000000262d      0x255 ./src/LTOS_oneshot.o
 .debug_abbrev  0x0000000000002882      0x1f7 ./src/LTOS_tick.o

.debug_aranges  0x0000000000000000      0x980
 .debug_aranges
                0x0000000000000000       0x90 ./AsyncComm/src/async_comm.o
 .debug_aranges
                0x0000000000000090       0x38 ./Blink/src/Blink.o
 .debug_aranges
                0x00000000000000c8       0x48 ./Core/Src/dma.o
 .debug_aranges
                0x0000000000000110       0x48 ./Core/Src/gpio.o
 .debug_aranges
                0x0000000000000158       0xc0 ./Core/Src/main.o
 .debug_aranges
                0x0000000000000218       0x98 ./Core/Src/stm32f4xx_it.o
 .debug_aranges
                0x00000000000002b0       0x20 ./Core/Src/sysmem.o
 .debug_aranges
                0x00000000000002d0       0x28 ./Core/Src/system_stm32f4xx.o
 .debug_aranges
                0x00000000000002f8       0x60 ./Core/Src/tim.o
 .debug_aranges
                0x0000000000000358       0xb0 ./Core/Src/usart.o
 .debug_aranges
                0x0000000000000408       0x28 ./Core/Startup/startup_stm32f401retx.o
 .debug_aranges
                0x0000000000000430       0x30 ./Demo/src/demo.o
 .debug_aranges
                0x0000000000000460       0x70 ./Drivers/STM32F4xx_HAL_Driver/Src/stm32f4xx_ll_exti.o
 .debug_aranges
                0x00000000000004d0       0x70 ./Drivers/STM32F4xx_HAL_Driver/Src/stm32f4xx_ll_gpio.o
 .debug_aranges
                0x0000000000000540      0x110 ./Drivers/STM32F4xx_HAL_Driver/Src/stm32f4xx_ll_rcc.o
 .debug_aranges
                0x0000000000000650      0x128 ./Drivers/STM32F4xx_HAL_Driver/Src/stm32f4xx_ll_tim.o
 .debug_aranges
                0x0000000000000778       0x88 ./Drivers/STM32F4xx_HAL_Driver/Src/stm32f4xx_ll_usart.o
 .debug_aranges
                0x0000000000000800       0xf8 ./Drivers/STM32F4xx_HAL_Driver/Src/stm32f4xx_ll_utils.o
 .debug_aranges
                0x00000000000008f8       0x48 ./src/LTOS_oneshot.o
 .debug_aranges
                0x0000000000000940       0x40 ./src/LTOS_tick.o

.debug_ranges   0x0000000000000000      0x848
 .debug_ranges  0x0000000000000000       0x80 ./AsyncComm/src/async_comm.o
 .debug_ranges  0x0000000000000080       0x28 ./Blink/src/Blink.o
 .debug_ranges  0x00000000000000a8       0x38 ./Core/Src/dma.o
 .debug_ranges  0x00000000000000e0       0x38 ./Core/Src/gpio.o
 .debug_ranges  0x0000000000000118       0xb0 ./Core/Src/main.o
 .debug_ranges  0x00000000000001c8       0x88 ./Core/Src/stm32f4xx_it.o
 .debug_ranges  0x0000000000000250       0x10 ./Core/Src/sysmem.o
 .debug_ranges  0x0000000000000260       0x18 ./Core/Src/system_stm32f4xx.o
 .debug_ranges  0x0000000000000278       0x50 ./Core/Src/tim.o
 .debug_ranges  0x00000000000002c8       0xa0 ./Core/Src/usart.o
 .debug_ranges  0x0000000000000368       0x20 ./Core/Startup/startup_stm32f401retx.o
 .debug_ranges  0x0000000000000388       0x20 ./Demo/src/demo.o
 .debug_ranges  0x00000000000003a8       0x60 ./Drivers/STM32F4xx_HAL_Driver/Src/stm32f4xx_ll_exti.o
 .debug_ranges  0x0000000000000408       0x60 ./Drivers/STM32F4xx_HAL_Driver/Src/stm32f4xx_ll_gpio.o
 .debug_ranges  0x0000000000000468      0x100 ./Drivers/STM32F4xx_HAL_Driver/Src/stm32f4xx_ll_rcc.o
 .debug_ranges  0x0000000000000568      0x118 ./Drivers/STM32F4xx_HAL_Driver/Src/stm32f4xx_ll_tim.o
 .debug_ranges  0x0000000000000680       0x78 ./Drivers/STM32F4xx_HAL_Driver/Src/stm32f4xx_ll_usart.o
 .debug_ranges  0x00000000000006f8       0xe8 ./Drivers/STM32F4xx_HAL_Driver/Src/stm32f4xx_ll_utils.o
 .debug_ranges  0x00000000000007e0       0x38 ./src/LTOS_oneshot.o
 .debug_ranges  0x0000000000000818       0x30 ./src/LTOS_tick.o

.debug_macro    0x0000000000000000    0x134e1
 .debug_macro   0x0000000000000000      0x255 ./AsyncComm/src/async_comm.o
 .debug_macro   0x0000000000000255      0xaea ./AsyncComm/src/async_comm.o
 .debug_macro   0x0000000000000d3f       0x2e ./AsyncComm/src/async_comm.o
 .debug_macro   0x0000000000000d6d       0x28 ./AsyncComm/src/async_comm.o
 .debug_macro   0x0000000000000d95       0x22 ./AsyncComm/src/async_comm.o
 .debug_macro   0x0000000000000db7       0x8e ./AsyncComm/src/async_comm.o
 .debug_macro   0x0000000000000e45       0x51 ./AsyncComm/src/async_comm.o
 .debug_macro   0x0000000000000e96      0x103 ./AsyncComm/src/async_comm.o
 .debug_macro   0x0000000000000f99       0x6a ./AsyncComm/src/async_comm.o
 .debug_macro   0x0000000000001003      0x1df ./AsyncComm/src/async_comm.o
 .debug_macro   0x00000000000011e2       0x1c ./AsyncComm/src/async_comm.o
 .debug_macro   0x00000000000011fe       0x22 ./AsyncComm/src/async_comm.o
 .debug_macro   0x0000000000001220       0xdf ./AsyncComm/src/async_comm.o
 .debug_macro   0x00000000000012ff     0x102d ./AsyncComm/src/async_comm.o
 .debug_macro   0x000000000000232c      0x11f ./AsyncComm/src/async_comm.o
 .debug_macro   0x000000000000244b     0xb86c ./AsyncComm/src/async_comm.o
 .debug_macro   0x000000000000dcb7       0x6d ./AsyncComm/src/async_comm.o
 .debug_macro   0x000000000000dd24      0x1e0 ./AsyncComm/src/async_comm.o
 .debug_macro   0x000000000000df04      0x788 ./AsyncComm/src/async_comm.o
 .debug_macro   0x000000000000e68c      0x116 ./AsyncComm/src/async_comm.o
 .debug_macro   0x000000000000e7a2      0x1ab ./AsyncComm/src/async_comm.o
 .debug_macro   0x000000000000e94d       0xe8 ./AsyncComm/src/async_comm.o
 .debug_macro   0x000000000000ea35      0x1a8 ./AsyncComm/src/async_comm.o
 .debug_macro   0x000000000000ebdd       0x61 ./AsyncComm/src/async_comm.o
 .debug_macro   0x000000000000ec3e       0xbd ./AsyncComm/src/async_comm.o
 .debug_macro   0x000000000000ecfb      0x5f3 ./AsyncComm/src/async_comm.o
 .debug_macro   0x000000000000f2ee      0x1bb ./AsyncComm/src/async_comm.o
 .debug_macro   0x000000000000f4a9      0x149 ./AsyncComm/src/async_comm.o
 .debug_macro   0x000000000000f5f2       0x52 ./AsyncComm/src/async_comm.o
 .debug_macro   0x000000000000f644       0x18 ./AsyncComm/src/async_comm.o
 .debug_macro   0x000000000000f65c       0x3c ./AsyncComm/src/async_comm.o
 .debug_macro   0x000000000000f698       0x34 ./AsyncComm/src/async_comm.o
 .debug_macro   0x000000000000f6cc      0x174 ./AsyncComm/src/async_comm.o
 .debug_macro   0x000000000000f840       0x16 ./AsyncComm/src/async_comm.o
 .debug_macro   0x000000000000f856       0x43 ./AsyncComm/src/async_comm.o
 .debug_macro   0x000000000000f899       0x34 ./AsyncComm/src/async_comm.o
 .debug_macro   0x000000000000f8cd       0x10 ./AsyncComm/src/async_comm.o
 .debug_macro   0x000000000000f8dd       0x58 ./AsyncComm/src/async_comm.o
 .debug_macro   0x000000000000f935       0x71 ./AsyncComm/src/async_comm.o
 .debug_macro   0x000000000000f9a6       0x1c ./AsyncComm/src/async_comm.o
 .debug_macro   0x000000000000f9c2      0x12a ./AsyncComm/src/async_comm.o
 .debug_macro   0x000000000000faec      0x333 ./AsyncComm/src/async_comm.o
 .debug_macro   0x000000000000fe1f       0x10 ./AsyncComm/src/async_comm.o
 .debug_macro   0x000000000000fe2f       0x35 ./AsyncComm/src/async_comm.o
 .debug_macro   0x000000000000fe64       0x20 ./AsyncComm/src/async_comm.o
 .debug_macro   0x000000000000fe84       0x28 ./AsyncComm/src/async_comm.o
 .debug_macro   0x000000000000feac       0x1c ./AsyncComm/src/async_comm.o
 .debug_macro   0x000000000000fec8       0xac ./AsyncComm/src/async_comm.o
 .debug_macro   0x000000000000ff74       0x16 ./AsyncComm/src/async_comm.o
 .debug_macro   0x000000000000ff8a       0x16 ./AsyncComm/src/async_comm.o
 .debug_macro   0x000000000000ffa0       0x16 ./AsyncComm/src/async_comm.o
 .debug_macro   0x000000000000ffb6       0x76 ./AsyncComm/src/async_comm.o
 .debug_macro   0x000000000001002c      0x255 ./Blink/src/Blink.o
 .debug_macro   0x0000000000010281      0x25f ./Core/Src/dma.o
 .debug_macro   0x00000000000104e0      0x25f ./Core/Src/gpio.o
 .debug_macro   0x000000000001073f      0x281 ./Core/Src/main.o
 .debug_macro   0x00000000000109c0      0x25f ./Core/Src/stm32f4xx_it.o
 .debug_macro   0x0000000000010c1f       0xff ./Core/Src/sysmem.o
 .debug_macro   0x0000000000010d1e      0x23b ./Core/Src/sysmem.o
 .debug_macro   0x0000000000010f59       0xce ./Core/Src/system_stm32f4xx.o
 .debug_macro   0x0000000000011027      0x25f ./Core/Src/tim.o
 .debug_macro   0x0000000000011286      0x25f ./Core/Src/usart.o
 .debug_macro   0x00000000000114e5      0x255 ./Demo/src/demo.o
 .debug_macro   0x000000000001173a       0xf5 ./Drivers/STM32F4xx_HAL_Driver/Src/stm32f4xx_ll_exti.o
 .debug_macro   0x000000000001182f       0xe2 ./Drivers/STM32F4xx_HAL_Driver/Src/stm32f4xx_ll_exti.o
 .debug_macro   0x0000000000011911      0x110 ./Drivers/STM32F4xx_HAL_Driver/Src/stm32f4xx_ll_gpio.o
 .debug_macro   0x0000000000011a21      0x143 ./Drivers/STM32F4xx_HAL_Driver/Src/stm32f4xx_ll_gpio.o
 .debug_macro   0x0000000000011b64       0xf5 ./Drivers/STM32F4xx_HAL_Driver/Src/stm32f4xx_ll_rcc.o
 .debug_macro   0x0000000000011c59      0x782 ./Drivers/STM32F4xx_HAL_Driver/Src/stm32f4xx_ll_rcc.o
 .debug_macro   0x00000000000123db      0x159 ./Drivers/STM32F4xx_HAL_Driver/Src/stm32f4xx_ll_tim.o
 .debug_macro   0x0000000000012534      0x5ed ./Drivers/STM32F4xx_HAL_Driver/Src/stm32f4xx_ll_tim.o
 .debug_macro   0x0000000000012b21      0x13d ./Drivers/STM32F4xx_HAL_Driver/Src/stm32f4xx_ll_usart.o
 .debug_macro   0x0000000000012c5e      0x1b5 ./Drivers/STM32F4xx_HAL_Driver/Src/stm32f4xx_ll_usart.o
 .debug_macro   0x0000000000012e13      0x191 ./Drivers/STM32F4xx_HAL_Driver/Src/stm32f4xx_ll_utils.o
 .debug_macro   0x0000000000012fa4       0x5b ./Drivers/STM32F4xx_HAL_Driver/Src/stm32f4xx_ll_utils.o
 .debug_macro   0x0000000000012fff      0x28d ./src/LTOS_oneshot.o
 .debug_macro   0x000000000001328c      0x255 ./src/LTOS_tick.o

.debug_line     0x0000000000000000     0xa788
 .debug_line    0x0000000000000000      0xa93 ./AsyncComm/src/async_comm.o
 .debug_line    0x0000000000000a93      0x8bb ./Blink/src/Blink.o
 .debug_line    0x000000000000134e      0x953 ./Core/Src/dma.o
 .debug_line    0x0000000000001ca1      0x976 ./Core/Src/gpio.o
 .debug_line    0x0000000000002617      0xb2d ./Core/Src/main.o
 .debug_line    0x0000000000003144      0xa0a ./Core/Src/stm32f4xx_it.o
 .debug_line    0x0000000000003b4e      0x4f8 ./Core/Src/sysmem.o
 .debug_line    0x0000000000004046      0x4f2 ./Core/Src/system_stm32f4xx.o
 .debug_line    0x0000000000004538      0x9b7 ./Core/Src/tim.o
 .debug_line    0x0000000000004eef      0xb40 ./Core/Src/usart.o
 .debug_line    0x0000000000005a2f       0x88 ./Core/Startup/startup_stm32f401retx.o
 .debug_line    0x0000000000005ab7      0x891 ./Demo/src/demo.o
 .debug_line    0x0000000000006348      0x60a ./Drivers/STM32F4xx_HAL_Driver/Src/stm32f4xx_ll_exti.o
 .debug_line    0x0000000000006952      0x751 ./Drivers/STM32F4xx_HAL_Driver/Src/stm32f4xx_ll_gpio.o
 .debug_line    0x00000000000070a3      0x905 ./Drivers/STM32F4xx_HAL_Driver/Src/stm32f4xx_ll_rcc.o
 .debug_line    0x00000000000079a8      0xa82 ./Drivers/STM32F4xx_HAL_Driver/Src/stm32f4xx_ll_tim.o
 .debug_line    0x000000000000842a      0x6d3 ./Drivers/STM32F4xx_HAL_Driver/Src/stm32f4xx_ll_usart.o
 .debug_line    0x0000000000008afd      0x977 ./Drivers/STM32F4xx_HAL_Driver/Src/stm32f4xx_ll_utils.o
 .debug_line    0x0000000000009474      0xa33 ./src/LTOS_oneshot.o
 .debug_line    0x0000000000009ea7      0x8e1 ./src/LTOS_tick.o

.debug_str      0x0000000000000000    0x65091
 .debug_str     0x0000000000000000    0x5fbc2 ./AsyncComm/src/async_comm.o
                                      0x5fe77 (size before relaxing)
 .debug_str     0x000000000005fbc2       0xac ./Blink/src/Blink.o
                                      0x5fbe2 (size before relaxing)
 .debug_str     0x000000000005fc6e      0x5f1 ./Core/Src/dma.o
                                      0x600fb (size before relaxing)
 .debug_str     0x000000000006025f      0x131 ./Core/Src/gpio.o
                                      0x5fdac (size before relaxing)
 .debug_str     0x0000000000060390      0x22f ./Core/Src/main.o
                                      0x5fee5 (size before relaxing)
 .debug_str     0x00000000000605bf      0x1b5 ./Core/Src/stm32f4xx_it.o
                                      0x5fcb7 (size before relaxing)
 .debug_str     0x0000000000060774      0x4e9 ./Core/Src/sysmem.o
                                       0x6396 (size before relaxing)
 .debug_str     0x0000000000060c5d       0x5b ./Core/Src/system_stm32f4xx.o
                                      0x4f791 (size before relaxing)
 .debug_str     0x0000000000060cb8       0xab ./Core/Src/tim.o
                                      0x60202 (size before relaxing)
 .debug_str     0x0000000000060d63      0x1b8 ./Core/Src/usart.o
                                      0x603ec (size before relaxing)
 .debug_str     0x0000000000060f1b       0x36 ./Core/Startup/startup_stm32f401retx.o
                                         0x7f (size before relaxing)
 .debug_str     0x0000000000060f51       0x50 ./Demo/src/demo.o
                                      0x5fb86 (size before relaxing)
 .debug_str     0x0000000000060fa1      0x351 ./Drivers/STM32F4xx_HAL_Driver/Src/stm32f4xx_ll_exti.o
                                      0x4fe51 (size before relaxing)
 .debug_str     0x00000000000612f2      0x637 ./Drivers/STM32F4xx_HAL_Driver/Src/stm32f4xx_ll_gpio.o
                                      0x50c96 (size before relaxing)
 .debug_str     0x0000000000061929      0x474 ./Drivers/STM32F4xx_HAL_Driver/Src/stm32f4xx_ll_rcc.o
                                      0x53c6c (size before relaxing)
 .debug_str     0x0000000000061d9d     0x1325 ./Drivers/STM32F4xx_HAL_Driver/Src/stm32f4xx_ll_tim.o
                                      0x54392 (size before relaxing)
 .debug_str     0x00000000000630c2      0x7de ./Drivers/STM32F4xx_HAL_Driver/Src/stm32f4xx_ll_usart.o
                                      0x555f5 (size before relaxing)
 .debug_str     0x00000000000638a0     0x1577 ./Drivers/STM32F4xx_HAL_Driver/Src/stm32f4xx_ll_utils.o
                                      0x56171 (size before relaxing)
 .debug_str     0x0000000000064e17      0x1ec ./src/LTOS_oneshot.o
                                      0x5fd33 (size before relaxing)
 .debug_str     0x0000000000065003       0x8e ./src/LTOS_tick.o
                                      0x5fb6a (size before relaxing)

.comment        0x0000000000000000       0x53
 .comment       0x0000000000000000       0x53 ./AsyncComm/src/async_comm.o
                                         0x54 (size before relaxing)
 .comment       0x0000000000000053       0x54 ./Blink/src/Blink.o
 .comment       0x0000000000000053       0x54 ./Core/Src/dma.o
 .comment       0x0000000000000053       0x54 ./Core/Src/gpio.o
 .comment       0x0000000000000053       0x54 ./Core/Src/main.o
 .comment       0x0000000000000053       0x54 ./Core/Src/stm32f4xx_it.o
 .comment       0x0000000000000053       0x54 ./Core/Src/sysmem.o
 .comment       0x0000000000000053       0x54 ./Core/Src/system_stm32f4xx.o
 .comment       0x0000000000000053       0x54 ./Core/Src/tim.o
 .comment       0x0000000000000053       0x54 ./Core/Src/usart.o
 .comment       0x0000000000000053       0x54 ./Demo/src/demo.o
 .comment       0x0000000000000053       0x54 ./Drivers/STM32F4xx_HAL_Driver/Src/stm32f4xx_ll_exti.o
 .comment       0x0000000000000053       0x54 ./Drivers/STM32F4xx_HAL_Driver/Src/stm32f4xx_ll_gpio.o
 .comment       0x0000000000000053       0x54 ./Drivers/STM32F4xx_HAL_Driver/Src/stm32f4xx_ll_rcc.o
 .comment       0x0000000000000053       0x54 ./Drivers/STM32F4xx_HAL_Driver/Src/stm32f4xx_ll_tim.o
 .comment       0x0000000000000053       0x54 ./Drivers/STM32F4xx_HAL_Driver/Src/stm32f4xx_ll_usart.o
 .comment       0x0000000000000053       0x54 ./Drivers/STM32F4xx_HAL_Driver/Src/stm32f4xx_ll_utils.o
 .comment       0x0000000000000053       0x54 ./src/LTOS_oneshot.o
 .comment       0x0000000000000053       0x54 ./src/LTOS_tick.o

.debug_frame    0x0000000000000000     0x26f4
 .debug_frame   0x0000000000000000      0x250 ./AsyncComm/src/async_comm.o
 .debug_frame   0x0000000000000250       0xa8 ./Blink/src/Blink.o
 .debug_frame   0x00000000000002f8       0xec ./Core/Src/dma.o
 .debug_frame   0x00000000000003e4       0xfc ./Core/Src/gpio.o
 .debug_frame   0x00000000000004e0      0x300 ./Core/Src/main.o
 .debug_frame   0x00000000000007e0      0x1fc ./Core/Src/stm32f4xx_it.o
 .debug_frame   0x00000000000009dc       0x34 ./Core/Src/sysmem.o
 .debug_frame   0x0000000000000a10       0x58 ./Core/Src/system_stm32f4xx.o
 .debug_frame   0x0000000000000a68      0x16c ./Core/Src/tim.o
 .debug_frame   0x0000000000000bd4      0x2fc ./Core/Src/usart.o
 .debug_frame   0x0000000000000ed0       0x7c ./Demo/src/demo.o
 .debug_frame   0x0000000000000f4c      0x1bc ./Drivers/STM32F4xx_HAL_Driver/Src/stm32f4xx_ll_exti.o
 .debug_frame   0x0000000000001108      0x1c0 ./Drivers/STM32F4xx_HAL_Driver/Src/stm32f4xx_ll_gpio.o
 .debug_frame   0x00000000000012c8      0x43c ./Drivers/STM32F4xx_HAL_Driver/Src/stm32f4xx_ll_rcc.o
 .debug_frame   0x0000000000001704      0x538 ./Drivers/STM32F4xx_HAL_Driver/Src/stm32f4xx_ll_tim.o
 .debug_frame   0x0000000000001c3c      0x240 ./Drivers/STM32F4xx_HAL_Driver/Src/stm32f4xx_ll_usart.o
 .debug_frame   0x0000000000001e7c      0x3f8 ./Drivers/STM32F4xx_HAL_Driver/Src/stm32f4xx_ll_utils.o
 .debug_frame   0x0000000000002274       0xf8 ./src/LTOS_oneshot.o
 .debug_frame   0x000000000000236c       0xb4 ./src/LTOS_tick.o
 .debug_frame   0x0000000000002420       0x20 c:/st/stm32cubeide_1.4.0/stm32cubeide/plugins/com.st.stm32cube.ide.mcu.externaltools.gnu-tools-for-stm32.9-2020-q2-update.win32_2.0.0.202105311346/tools/bin/../lib/gcc/arm-none-eabi/9.3.1/../../../../arm-none-eabi/lib/thumb/v7e-m+fp/hard\libc_nano.a(lib_a-errno.o)
 .debug_frame   0x0000000000002440       0x2c c:/st/stm32cubeide_1.4.0/stm32cubeide/plugins/com.st.stm32cube.ide.mcu.externaltools.gnu-tools-for-stm32.9-2020-q2-update.win32_2.0.0.202105311346/tools/bin/../lib/gcc/arm-none-eabi/9.3.1/../../../../arm-none-eabi/lib/thumb/v7e-m+fp/hard\libc_nano.a(lib_a-init.o)
 .debug_frame   0x000000000000246c       0x30 c:/st/stm32cubeide_1.4.0/stm32cubeide/plugins/com.st.stm32cube.ide.mcu.externaltools.gnu-tools-for-stm32.9-2020-q2-update.win32_2.0.0.202105311346/tools/bin/../lib/gcc/arm-none-eabi/9.3.1/../../../../arm-none-eabi/lib/thumb/v7e-m+fp/hard\libc_nano.a(lib_a-malloc.o)
 .debug_frame   0x000000000000249c       0x28 c:/st/stm32cubeide_1.4.0/stm32cubeide/plugins/com.st.stm32cube.ide.mcu.externaltools.gnu-tools-for-stm32.9-2020-q2-update.win32_2.0.0.202105311346/tools/bin/../lib/gcc/arm-none-eabi/9.3.1/../../../../arm-none-eabi/lib/thumb/v7e-m+fp/hard\libc_nano.a(lib_a-memcpy-stub.o)
 .debug_frame   0x00000000000024c4       0x38 c:/st/stm32cubeide_1.4.0/stm32cubeide/plugins/com.st.stm32cube.ide.mcu.externaltools.gnu-tools-for-stm32.9-2020-q2-update.win32_2.0.0.202105311346/tools/bin/../lib/gcc/arm-none-eabi/9.3.1/../../../../arm-none-eabi/lib/thumb/v7e-m+fp/hard\libc_nano.a(lib_a-nano-freer.o)
 .debug_frame   0x00000000000024fc       0x30 c:/st/stm32cubeide_1.4.0/stm32cubeide/plugins/com.st.stm32cube.ide.mcu.externaltools.gnu-tools-for-stm32.9-2020-q2-update.win32_2.0.0.202105311346/tools/bin/../lib/gcc/arm-none-eabi/9.3.1/../../../../arm-none-eabi/lib/thumb/v7e-m+fp/hard\libc_nano.a(lib_a-nano-mallocr.o)
 .debug_frame   0x000000000000252c       0x2c c:/st/stm32cubeide_1.4.0/stm32cubeide/plugins/com.st.stm32cube.ide.mcu.externaltools.gnu-tools-for-stm32.9-2020-q2-update.win32_2.0.0.202105311346/tools/bin/../lib/gcc/arm-none-eabi/9.3.1/../../../../arm-none-eabi/lib/thumb/v7e-m+fp/hard\libc_nano.a(lib_a-sbrkr.o)
 .debug_frame   0x0000000000002558       0x30 c:/st/stm32cubeide_1.4.0/stm32cubeide/plugins/com.st.stm32cube.ide.mcu.externaltools.gnu-tools-for-stm32.9-2020-q2-update.win32_2.0.0.202105311346/tools/bin/../lib/gcc/arm-none-eabi/9.3.1/../../../../arm-none-eabi/lib/thumb/v7e-m+fp/hard\libc_nano.a(lib_a-mlock.o)
 .debug_frame   0x0000000000002588       0x5c c:/st/stm32cubeide_1.4.0/stm32cubeide/plugins/com.st.stm32cube.ide.mcu.externaltools.gnu-tools-for-stm32.9-2020-q2-update.win32_2.0.0.202105311346/tools/bin/../lib/gcc/arm-none-eabi/9.3.1/../../../../arm-none-eabi/lib/thumb/v7e-m+fp/hard\libc_nano.a(lib_a-reent.o)
 .debug_frame   0x00000000000025e4       0xb0 c:/st/stm32cubeide_1.4.0/stm32cubeide/plugins/com.st.stm32cube.ide.mcu.externaltools.gnu-tools-for-stm32.9-2020-q2-update.win32_2.0.0.202105311346/tools/bin/../lib/gcc/arm-none-eabi/9.3.1/../../../../arm-none-eabi/lib/thumb/v7e-m+fp/hard\libc_nano.a(lib_a-lock.o)
 .debug_frame   0x0000000000002694       0x2c c:/st/stm32cubeide_1.4.0/stm32cubeide/plugins/com.st.stm32cube.ide.mcu.externaltools.gnu-tools-for-stm32.9-2020-q2-update.win32_2.0.0.202105311346/tools/bin/../lib/gcc/arm-none-eabi/9.3.1/thumb/v7e-m+fp/hard\libgcc.a(_aeabi_uldivmod.o)
 .debug_frame   0x00000000000026c0       0x34 c:/st/stm32cubeide_1.4.0/stm32cubeide/plugins/com.st.stm32cube.ide.mcu.externaltools.gnu-tools-for-stm32.9-2020-q2-update.win32_2.0.0.202105311346/tools/bin/../lib/gcc/arm-none-eabi/9.3.1/thumb/v7e-m+fp/hard\libgcc.a(_udivmoddi4.o)
